
UsersController
  GET #edit
    ログインユーザーの場合
[31m      レスポンスが成功すること (FAILED - 1)[0m
[31m      @userが正しく設定されていること (FAILED - 2)[0m

Bookモデルのテスト
  バリデーションのテスト
    titleカラム
[32m      空欄でないこと[0m
    bodyカラム
[32m      空欄でないこと[0m
[32m      200文字以下であること: 200文字は〇[0m
[32m      200文字以下であること: 201文字は×[0m
  アソシエーションのテスト
    Userモデルとの関係
[32m      N:1となっている[0m

Userモデルのテスト
  バリデーションのテスト
    nameカラム
[32m      空欄でないこと[0m
[32m      2文字以上であること: 1文字は×[0m
[32m      2文字以上であること: 2文字は〇[0m
[32m      20文字以下であること: 20文字は〇[0m
[32m      20文字以下であること: 21文字は×[0m
[32m      一意性があること[0m
    introductionカラム
[32m      50文字以下であること: 50文字は〇[0m
[32m      50文字以下であること: 51文字は×[0m
  アソシエーションのテスト
    Bookモデルとの関係
[32m      1:Nとなっている[0m

[STEP1] ユーザログイン前のテスト
  トップ画面のテスト
    表示内容の確認
[32m      URLが正しい[0m
[32m      Log inリンクが表示される: 青色のボタンの表示が「Log in」である[0m
[32m      Log inリンクの内容が正しい[0m
[32m      Sign upリンクが表示される: 緑色のボタンの表示が「Sign up」である[0m
[32m      Sign upリンクの内容が正しい[0m
  アバウト画面のテスト
    表示内容の確認
[32m      URLが正しい[0m
  ヘッダーのテスト: ログインしていない場合
    表示内容の確認
[32m      Bookersリンクが表示される: 左上から1番目のリンクが「Bookers」である[0m
[32m      Homeリンクが表示される: 左上から2番目のリンクが「Home」である[0m
[32m      Aboutリンクが表示される: 左上から3番目のリンクが「About」である[0m
[32m      Sign upリンクが表示される: 左上から4番目のリンクが「Sign up」である[0m
[32m      Log inリンクが表示される: 左上から5番目のリンクが「Log in」である[0m
    リンクの内容を確認
[32m      Bookersを押すと、トップ画面に遷移する[0m
[32m      Homeを押すと、トップ画面に遷移する[0m
[32m      Aboutを押すと、アバウト画面に遷移する[0m
[32m      Sign upを押すと、新規登録画面に遷移する[0m
[32m      Log inを押すと、ログイン画面に遷移する[0m
  ユーザ新規登録のテスト
    表示内容の確認
[32m      URLが正しい[0m
[32m      「Sign up」と表示される[0m
[32m      nameフォームが表示される[0m
[32m      emailフォームが表示される[0m
[32m      passwordフォームが表示される[0m
[32m      password_confirmationフォームが表示される[0m
[32m      Sign upボタンが表示される[0m
    新規登録成功のテスト
[32m      正しく新規登録される[0m
[32m      新規登録後のリダイレクト先が、新規登録できたユーザの詳細画面になっている[0m
  ユーザログイン
    表示内容の確認
[32m      URLが正しい[0m
[32m      「Log in」と表示される[0m
[32m      nameフォームが表示される[0m
[32m      passwordフォームが表示される[0m
[32m      Log inボタンが表示される[0m
[32m      emailフォームは表示されない[0m
    ログイン成功のテスト
[32m      ログイン後のリダイレクト先が、ログインしたユーザの詳細画面になっている[0m
    ログイン失敗のテスト
[32m      ログインに失敗し、ログイン画面にリダイレクトされる[0m
  ヘッダーのテスト: ログインしている場合
    ヘッダーの表示を確認
[32m      Bookersリンクが表示される: 左上から1番目のリンクが「Bookers」である[0m
[32m      Homeリンクが表示される: 左上から2番目のリンクが「Home」である[0m
[32m      Usersリンクが表示される: 左上から3番目のリンクが「Users」である[0m
[32m      Booksリンクが表示される: 左上から4番目のリンクが「Books」である[0m
[32m      Log outリンクが表示される: 左上から5番目のリンクが「Log out」である[0m
  ユーザログアウトのテスト
    ログアウト機能のテスト
[32m      正しくログアウトできている: ログアウト後のリダイレクト先においてAbout画面へのリンクが存在する[0m
[32m      ログアウト後のリダイレクト先が、トップになっている[0m

[STEP2] ユーザログイン後のテスト
  ヘッダーのテスト: ログインしている場合
    リンクの内容を確認: ※logoutは『ユーザログアウトのテスト』でテスト済みになります。
[32m      Homeを押すと、自分のユーザ詳細画面に遷移する[0m
[32m      Usersを押すと、ユーザ一覧画面に遷移する[0m
[32m      Booksを押すと、投稿一覧画面に遷移する[0m
  投稿一覧画面のテスト
    表示内容の確認
[32m      URLが正しい[0m
[32m      自分と他人の画像のリンク先が正しい[0m
[32m      自分の投稿と他人の投稿のタイトルのリンク先がそれぞれ正しい[0m
[32m      自分の投稿と他人の投稿のオピニオンが表示される[0m
    サイドバーの確認
[32m      自分の名前と紹介文が表示される[0m
[32m      自分のユーザ編集画面へのリンクが存在する[0m
[32m      「New book」と表示される[0m
[31m      titleフォームが表示される (FAILED - 3)[0m
[31m      titleフォームに値が入っていない (FAILED - 4)[0m
[31m      bodyフォームが表示される (FAILED - 5)[0m
[31m      bodyフォームに値が入っていない (FAILED - 6)[0m
[32m      Create Bookボタンが表示される[0m
    投稿成功のテスト
[31m      自分の新しい投稿が正しく保存される (FAILED - 7)[0m
[31m      リダイレクト先が、保存できた投稿の詳細画面になっている (FAILED - 8)[0m
  自分の投稿詳細画面のテスト
    表示内容の確認
[32m      URLが正しい[0m
[32m      「Book detail」と表示される[0m
[32m      ユーザ画像・名前のリンク先が正しい[0m
[32m      投稿のtitleが表示される[0m
[32m      投稿のbodyが表示される[0m
[32m      投稿の編集リンクが表示される[0m
[32m      投稿の削除リンクが表示される[0m
    サイドバーの確認
[32m      自分の名前と紹介文が表示される[0m
[32m      自分のユーザ編集画面へのリンクが存在する[0m
[32m      「New book」と表示される[0m
[32m      titleフォームが表示される[0m
[32m      titleフォームに値が入っていない[0m
[32m      bodyフォームが表示される[0m
[32m      bodyフォームに値が入っていない[0m
[32m      Create Bookボタンが表示される[0m
    投稿成功のテスト
[32m      自分の新しい投稿が正しく保存される[0m
    編集リンクのテスト
[32m      編集画面に遷移する[0m
    削除リンクのテスト
[32m      application.html.erbにjavascript_pack_tagを含んでいる[0m
[32m      正しく削除される[0m
[32m      リダイレクト先が、投稿一覧画面になっている[0m
  自分の投稿編集画面のテスト
    表示の確認
[32m      URLが正しい[0m
[32m      「Editing Book」と表示される[0m
[32m      title編集フォームが表示される[0m
[32m      body編集フォームが表示される[0m
[32m      Update Bookボタンが表示される[0m
[32m      Showリンクが表示される[0m
[32m      Backリンクが表示される[0m
    編集成功のテスト
[32m      titleが正しく更新される[0m
[32m      bodyが正しく更新される[0m
[32m      リダイレクト先が、更新した投稿の詳細画面になっている[0m
  ユーザ一覧画面のテスト
    表示内容の確認
[32m      URLが正しい[0m
[32m      自分と他人の画像が表示される: fallbackの画像がサイドバーの1つ＋一覧(2人)の2つの計3つ存在する[0m
[32m      自分と他人の名前がそれぞれ表示される[0m
[32m      自分と他人のshowリンクがそれぞれ表示される[0m
    サイドバーの確認
[32m      自分の名前と紹介文が表示される[0m
[32m      自分のユーザ編集画面へのリンクが存在する[0m
[32m      「New book」と表示される[0m
[31m      titleフォームが表示される (FAILED - 9)[0m
[31m      titleフォームに値が入っていない (FAILED - 10)[0m
[31m      bodyフォームが表示される (FAILED - 11)[0m
[31m      bodyフォームに値が入っていない (FAILED - 12)[0m
[32m      Create Bookボタンが表示される[0m
  自分のユーザ詳細画面のテスト
    表示の確認
[32m      URLが正しい[0m
[32m      投稿一覧のユーザ画像のリンク先が正しい[0m
[32m      投稿一覧に自分の投稿のtitleが表示され、リンクが正しい[0m
[32m      投稿一覧に自分の投稿のbodyが表示される[0m
[32m      他人の投稿は表示されない[0m
    サイドバーの確認
[32m      自分の名前と紹介文が表示される[0m
[32m      自分のユーザ編集画面へのリンクが存在する[0m
[32m      「New book」と表示される[0m
[31m      titleフォームが表示される (FAILED - 13)[0m
[31m      titleフォームに値が入っていない (FAILED - 14)[0m
[31m      bodyフォームが表示される (FAILED - 15)[0m
[31m      bodyフォームに値が入っていない (FAILED - 16)[0m
[32m      Create Bookボタンが表示される[0m
  自分のユーザ情報編集画面のテスト
    表示の確認
[31m      URLが正しい (FAILED - 17)[0m
[31m      名前編集フォームに自分の名前が表示される (FAILED - 18)[0m
[31m      画像編集フォームが表示される (FAILED - 19)[0m
[31m      自己紹介編集フォームに自分の自己紹介文が表示される (FAILED - 20)[0m
[31m      Update Userボタンが表示される (FAILED - 21)[0m
    更新成功のテスト
[31m      nameが正しく更新される (FAILED - 22)[0m
[31m      introductionが正しく更新される (FAILED - 23)[0m
[31m      リダイレクト先が、自分のユーザ詳細画面になっている (FAILED - 24)[0m

[STEP3] 仕上げのテスト
  サクセスメッセージのテスト
[32m    ユーザ新規登録成功時[0m
[32m    ユーザログイン成功時[0m
[32m    ユーザログアウト成功時[0m
[31m    ユーザのプロフィール情報更新成功時 (FAILED - 25)[0m
[31m    投稿データの新規投稿成功時: 投稿一覧画面から行います。 (FAILED - 26)[0m
[32m    投稿データの更新成功時[0m
  処理失敗時のテスト
    ユーザ新規登録失敗: nameを1文字にする
[32m      新規登録されない[0m
[32m      新規登録画面を表示しており、フォームの内容が正しい[0m
[32m      バリデーションエラーが表示される[0m
    ユーザのプロフィール情報編集失敗: nameを1文字にする
[31m      更新されない (FAILED - 27)[0m
[31m      ユーザ編集画面を表示しており、フォームの内容が正しい (FAILED - 28)[0m
[31m      バリデーションエラーが表示される (FAILED - 29)[0m
    投稿データの新規投稿失敗: 投稿一覧画面から行い、titleを空にする
[31m      投稿が保存されない (FAILED - 30)[0m
[31m      投稿一覧画面を表示している (FAILED - 31)[0m
[31m      新規投稿フォームの内容が正しい (FAILED - 32)[0m
[31m      バリデーションエラーが表示される (FAILED - 33)[0m
    投稿データの更新失敗: titleを空にする
[32m      投稿が更新されない[0m
[32m      投稿編集画面を表示しており、フォームの内容が正しい[0m
[32m      エラーメッセージが表示される[0m
  ログインしていない場合のアクセス制限のテスト: アクセスできず、ログイン画面に遷移する
[32m    ユーザ一覧画面[0m
[32m    ユーザ詳細画面[0m
[32m    ユーザ情報編集画面[0m
[32m    投稿一覧画面[0m
[32m    投稿詳細画面[0m
[32m    投稿編集画面[0m
  他人の画面のテスト
    他人の投稿詳細画面のテスト
      表示内容の確認
[32m        URLが正しい[0m
[32m        「Book detail」と表示される[0m
[32m        ユーザ画像・名前のリンク先が正しい[0m
[32m        投稿のtitleが表示される[0m
[32m        投稿のopinionが表示される[0m
[32m        投稿の編集リンクが表示されない[0m
[32m        投稿の削除リンクが表示されない[0m
      サイドバーの確認
[32m        他人の名前と紹介文が表示される[0m
[32m        他人のユーザ編集画面へのリンクが存在する[0m
[32m        自分の名前と紹介文は表示されない[0m
[32m        自分のユーザ編集画面へのリンクは存在しない[0m
    他人の投稿編集画面
[32m      遷移できず、投稿一覧画面にリダイレクトされる[0m
    他人のユーザ詳細画面のテスト
      表示の確認
[32m        URLが正しい[0m
[32m        投稿一覧のユーザ画像のリンク先が正しい[0m
[32m        投稿一覧に他人の投稿のtitleが表示され、リンクが正しい[0m
[32m        投稿一覧に他人の投稿のopinionが表示される[0m
[32m        自分の投稿は表示されない[0m
      サイドバーの確認
[32m        他人の名前と紹介文が表示される[0m
[32m        他人のユーザ編集画面へのリンクが存在する[0m
[32m        自分の名前と紹介文は表示されない[0m
[32m        自分のユーザ編集画面へのリンクは存在しない[0m
    他人のユーザ情報編集画面
[32m      遷移できず、自分のユーザ詳細画面にリダイレクトされる[0m
  グリッドシステムのテスト: container, row, col-md-〇を正しく使えている
[32m    ユーザ一覧画面[0m
[32m    ユーザ詳細画面[0m
[32m    投稿一覧画面[0m
[32m    投稿詳細画面[0m
  アイコンのテスト
    トップ画面
[32m      本のアイコンが表示される[0m
    アバウト画面
[32m      本のアイコンが表示される[0m
    ヘッダー: ログインしていない場合
[31m      Homeリンクのアイコンが表示される (FAILED - 34)[0m
[32m      Aboutリンクのアイコンが表示される[0m
[32m      Sign upリンクのアイコンが表示される[0m
[32m      Log inリンクのアイコンが表示される[0m
    ヘッダー: ログインしている場合
[31m      Homeリンクのアイコンが表示される (FAILED - 35)[0m
[32m      Usersリンクのアイコンが表示される[0m
[32m      Booksリンクのアイコンが表示される[0m
[32m      Log outリンクのアイコンが表示される[0m
    サイドバー
[32m      ユーザ一覧画面でレンチアイコンが表示される[0m
[32m      ユーザ詳細画面でレンチアイコンが表示される[0m
[32m      投稿一覧画面でレンチアイコンが表示される[0m
[32m      投稿詳細画面でレンチアイコンが表示される[0m

Failures:

  1) UsersController GET #edit ログインユーザーの場合 レスポンスが成功すること
     [31mFailure/Error: get :edit, params: { id: user.id }[0m
     [31m[0m
     [31mActionView::SyntaxErrorInTemplate:[0m
     [31m  Encountered a syntax error while rendering template: check [0m
     [31m[0m
     [31m  <div class="container">[0m
     [31m    <div class="row">[0m
     [31m      <div class="col-md-8 offset-md-2">[0m
     [31m        <h1 class="mt-3">User info</h1>[0m
     [31m        [0m
     [31m        <%= form_with model: @user, local: true do |f| %>[0m
     [31m          <div class="form-group">[0m
     [31m            <%= f.label :Name, "name" %>[0m
     [31m            <%= f.text_field :name, class: "form-control" %>[0m
     [31m          </div>[0m
     [31m          <div class="form-group">[0m
     [31m            <%= f.label ::profile_image, "Image" %>[0m
     [31m            <%= f.file_field ::profile_image, accept: "image/*" %>[0m
     [31m          </div>[0m
     [31m          <div class="form-group">[0m
     [31m            <%= f.label :Introductio, "Introduction" %>[0m
     [31m            <%= f.text_area :introduction, class: "form-control" %>[0m
     [31m          </div>[0m
     [31m          <div class="mb-3">[0m
     [31m            <%= f.submit "Update User", class: "btn btn-secondary" %>[0m
     [31m          </div>[0m
     [31m        <% end %>[0m
     [31m      </div>[0m
     [31m    </div>[0m
     [31m  </div>[0m
     [36m# ./spec/controllers/users_controller_spec.rb:11:in `block (4 levels) in <top (required)>'[0m
     [36m# ------------------[0m
     [36m# --- Caused by: ---[0m
     [36m# SyntaxError:[0m
     [36m#   /home/ubuntu/environment/bookers2/app/views/users/edit.html.erb:14: syntax error, unexpected local variable or method, expecting constant[0m
     [36m#   ...ppend=( f.label ::profile_image, "Image" );@output_buffer.sa...[0m
     [36m#   ...                  ^~~~~~~~~~~~~[0m
     [36m#   /home/ubuntu/environment/bookers2/app/views/users/edit.html.erb:14: syntax error, unexpected ')', expecting '.' or &. or :: or '['[0m
     [36m#   ...abel ::profile_image, "Image" );@output_buffer.safe_append='[0m
     [36m#   ...                              ^[0m
     [36m#   /home/ubuntu/environment/bookers2/app/views/users/edit.html.erb:15: syntax error, unexpected local variable or method, expecting constant[0m
     [36m#   ...=( f.file_field ::profile_image, accept: "image/*" );@output...[0m
     [36m#   ...                  ^~~~~~~~~~~~~[0m
     [36m#   /home/ubuntu/environment/bookers2/app/views/users/edit.html.erb:24: syntax error, unexpected `end', expecting ')'[0m
     [36m#   '.freeze;       end [0m
     [36m#                   ^~~[0m
     [36m#   /home/ubuntu/environment/bookers2/app/views/users/edit.html.erb:29: syntax error, unexpected `end', expecting ')'[0m
     [36m#             end[0m
     [36m#             ^~~[0m
     [36m#   ./spec/controllers/users_controller_spec.rb:11:in `block (4 levels) in <top (required)>'[0m

  2) UsersController GET #edit ログインユーザーの場合 @userが正しく設定されていること
     [31mFailure/Error: get :edit, params: { id: user.id }[0m
     [31m[0m
     [31mActionView::SyntaxErrorInTemplate:[0m
     [31m  Encountered a syntax error while rendering template: check [0m
     [31m[0m
     [31m  <div class="container">[0m
     [31m    <div class="row">[0m
     [31m      <div class="col-md-8 offset-md-2">[0m
     [31m        <h1 class="mt-3">User info</h1>[0m
     [31m        [0m
     [31m        <%= form_with model: @user, local: true do |f| %>[0m
     [31m          <div class="form-group">[0m
     [31m            <%= f.label :Name, "name" %>[0m
     [31m            <%= f.text_field :name, class: "form-control" %>[0m
     [31m          </div>[0m
     [31m          <div class="form-group">[0m
     [31m            <%= f.label ::profile_image, "Image" %>[0m
     [31m            <%= f.file_field ::profile_image, accept: "image/*" %>[0m
     [31m          </div>[0m
     [31m          <div class="form-group">[0m
     [31m            <%= f.label :Introductio, "Introduction" %>[0m
     [31m            <%= f.text_area :introduction, class: "form-control" %>[0m
     [31m          </div>[0m
     [31m          <div class="mb-3">[0m
     [31m            <%= f.submit "Update User", class: "btn btn-secondary" %>[0m
     [31m          </div>[0m
     [31m        <% end %>[0m
     [31m      </div>[0m
     [31m    </div>[0m
     [31m  </div>[0m
     [36m# ./spec/controllers/users_controller_spec.rb:11:in `block (4 levels) in <top (required)>'[0m
     [36m# ------------------[0m
     [36m# --- Caused by: ---[0m
     [36m# SyntaxError:[0m
     [36m#   /home/ubuntu/environment/bookers2/app/views/users/edit.html.erb:14: syntax error, unexpected local variable or method, expecting constant[0m
     [36m#   ...ppend=( f.label ::profile_image, "Image" );@output_buffer.sa...[0m
     [36m#   ...                  ^~~~~~~~~~~~~[0m
     [36m#   /home/ubuntu/environment/bookers2/app/views/users/edit.html.erb:14: syntax error, unexpected ')', expecting '.' or &. or :: or '['[0m
     [36m#   ...abel ::profile_image, "Image" );@output_buffer.safe_append='[0m
     [36m#   ...                              ^[0m
     [36m#   /home/ubuntu/environment/bookers2/app/views/users/edit.html.erb:15: syntax error, unexpected local variable or method, expecting constant[0m
     [36m#   ...=( f.file_field ::profile_image, accept: "image/*" );@output...[0m
     [36m#   ...                  ^~~~~~~~~~~~~[0m
     [36m#   /home/ubuntu/environment/bookers2/app/views/users/edit.html.erb:24: syntax error, unexpected `end', expecting ')'[0m
     [36m#   '.freeze;       end [0m
     [36m#                   ^~~[0m
     [36m#   /home/ubuntu/environment/bookers2/app/views/users/edit.html.erb:29: syntax error, unexpected `end', expecting ')'[0m
     [36m#             end[0m
     [36m#             ^~~[0m
     [36m#   ./spec/controllers/users_controller_spec.rb:11:in `block (4 levels) in <top (required)>'[0m

  3) [STEP2] ユーザログイン後のテスト 投稿一覧画面のテスト サイドバーの確認 titleフォームが表示される
     [31mFailure/Error: expect(page).to have_field 'book[title]'[0m
     [31m  expected to find field "book[title]" that is not disabled but there were no matches[0m
     [36m# ./spec/system/02_after_login_spec.rb:76:in `block (4 levels) in <main>'[0m

  4) [STEP2] ユーザログイン後のテスト 投稿一覧画面のテスト サイドバーの確認 titleフォームに値が入っていない
     [31mFailure/Error: expect(find_field('book[title]').text).to be_blank[0m
     [31m[0m
     [31mCapybara::ElementNotFound:[0m
     [31m  Unable to find field "book[title]" that is not disabled[0m
     [36m# ./spec/system/02_after_login_spec.rb:79:in `block (4 levels) in <main>'[0m

  5) [STEP2] ユーザログイン後のテスト 投稿一覧画面のテスト サイドバーの確認 bodyフォームが表示される
     [31mFailure/Error: expect(page).to have_field 'book[body]'[0m
     [31m  expected to find field "book[body]" that is not disabled but there were no matches[0m
     [36m# ./spec/system/02_after_login_spec.rb:82:in `block (4 levels) in <main>'[0m

  6) [STEP2] ユーザログイン後のテスト 投稿一覧画面のテスト サイドバーの確認 bodyフォームに値が入っていない
     [31mFailure/Error: expect(find_field('book[body]').text).to be_blank[0m
     [31m[0m
     [31mCapybara::ElementNotFound:[0m
     [31m  Unable to find field "book[body]" that is not disabled[0m
     [36m# ./spec/system/02_after_login_spec.rb:85:in `block (4 levels) in <main>'[0m

  7) [STEP2] ユーザログイン後のテスト 投稿一覧画面のテスト 投稿成功のテスト 自分の新しい投稿が正しく保存される
     [31mFailure/Error: fill_in 'book[title]', with: Faker::Lorem.characters(number: 5)[0m
     [31m[0m
     [31mCapybara::ElementNotFound:[0m
     [31m  Unable to find field "book[title]" that is not disabled[0m
     [36m# ./spec/system/02_after_login_spec.rb:94:in `block (4 levels) in <main>'[0m

  8) [STEP2] ユーザログイン後のテスト 投稿一覧画面のテスト 投稿成功のテスト リダイレクト先が、保存できた投稿の詳細画面になっている
     [31mFailure/Error: fill_in 'book[title]', with: Faker::Lorem.characters(number: 5)[0m
     [31m[0m
     [31mCapybara::ElementNotFound:[0m
     [31m  Unable to find field "book[title]" that is not disabled[0m
     [36m# ./spec/system/02_after_login_spec.rb:94:in `block (4 levels) in <main>'[0m

  9) [STEP2] ユーザログイン後のテスト ユーザ一覧画面のテスト サイドバーの確認 titleフォームが表示される
     [31mFailure/Error: expect(page).to have_field 'book[title]'[0m
     [31m  expected to find field "book[title]" that is not disabled but there were no matches[0m
     [36m# ./spec/system/02_after_login_spec.rb:297:in `block (4 levels) in <main>'[0m

  10) [STEP2] ユーザログイン後のテスト ユーザ一覧画面のテスト サイドバーの確認 titleフォームに値が入っていない
      [31mFailure/Error: expect(find_field('book[title]').text).to be_blank[0m
      [31m[0m
      [31mCapybara::ElementNotFound:[0m
      [31m  Unable to find field "book[title]" that is not disabled[0m
      [36m# ./spec/system/02_after_login_spec.rb:300:in `block (4 levels) in <main>'[0m

  11) [STEP2] ユーザログイン後のテスト ユーザ一覧画面のテスト サイドバーの確認 bodyフォームが表示される
      [31mFailure/Error: expect(page).to have_field 'book[body]'[0m
      [31m  expected to find field "book[body]" that is not disabled but there were no matches[0m
      [36m# ./spec/system/02_after_login_spec.rb:303:in `block (4 levels) in <main>'[0m

  12) [STEP2] ユーザログイン後のテスト ユーザ一覧画面のテスト サイドバーの確認 bodyフォームに値が入っていない
      [31mFailure/Error: expect(find_field('book[body]').text).to be_blank[0m
      [31m[0m
      [31mCapybara::ElementNotFound:[0m
      [31m  Unable to find field "book[body]" that is not disabled[0m
      [36m# ./spec/system/02_after_login_spec.rb:306:in `block (4 levels) in <main>'[0m

  13) [STEP2] ユーザログイン後のテスト 自分のユーザ詳細画面のテスト サイドバーの確認 titleフォームが表示される
      [31mFailure/Error: expect(page).to have_field 'book[title]'[0m
      [31m  expected to find field "book[title]" that is not disabled but there were no matches[0m
      [36m# ./spec/system/02_after_login_spec.rb:351:in `block (4 levels) in <main>'[0m

  14) [STEP2] ユーザログイン後のテスト 自分のユーザ詳細画面のテスト サイドバーの確認 titleフォームに値が入っていない
      [31mFailure/Error: expect(find_field('book[title]').text).to be_blank[0m
      [31m[0m
      [31mCapybara::ElementNotFound:[0m
      [31m  Unable to find field "book[title]" that is not disabled[0m
      [36m# ./spec/system/02_after_login_spec.rb:354:in `block (4 levels) in <main>'[0m

  15) [STEP2] ユーザログイン後のテスト 自分のユーザ詳細画面のテスト サイドバーの確認 bodyフォームが表示される
      [31mFailure/Error: expect(page).to have_field 'book[body]'[0m
      [31m  expected to find field "book[body]" that is not disabled but there were no matches[0m
      [36m# ./spec/system/02_after_login_spec.rb:357:in `block (4 levels) in <main>'[0m

  16) [STEP2] ユーザログイン後のテスト 自分のユーザ詳細画面のテスト サイドバーの確認 bodyフォームに値が入っていない
      [31mFailure/Error: expect(find_field('book[body]').text).to be_blank[0m
      [31m[0m
      [31mCapybara::ElementNotFound:[0m
      [31m  Unable to find field "book[body]" that is not disabled[0m
      [36m# ./spec/system/02_after_login_spec.rb:360:in `block (4 levels) in <main>'[0m

  17) [STEP2] ユーザログイン後のテスト 自分のユーザ情報編集画面のテスト 表示の確認 URLが正しい
      [31mFailure/Error: <%= f.label ::profile_image, "Image" %>[0m
      [31m[0m
      [31mActionView::SyntaxErrorInTemplate:[0m
      [31m  Encountered a syntax error while rendering template: check [0m
      [31m[0m
      [31m  <div class="container">[0m
      [31m    <div class="row">[0m
      [31m      <div class="col-md-8 offset-md-2">[0m
      [31m        <h1 class="mt-3">User info</h1>[0m
      [31m        [0m
      [31m        <%= form_with model: @user, local: true do |f| %>[0m
      [31m          <div class="form-group">[0m
      [31m            <%= f.label :Name, "name" %>[0m
      [31m            <%= f.text_field :name, class: "form-control" %>[0m
      [31m          </div>[0m
      [31m          <div class="form-group">[0m
      [31m            <%= f.label ::profile_image, "Image" %>[0m
      [31m            <%= f.file_field ::profile_image, accept: "image/*" %>[0m
      [31m          </div>[0m
      [31m          <div class="form-group">[0m
      [31m            <%= f.label :Introductio, "Introduction" %>[0m
      [31m            <%= f.text_area :introduction, class: "form-control" %>[0m
      [31m          </div>[0m
      [31m          <div class="mb-3">[0m
      [31m            <%= f.submit "Update User", class: "btn btn-secondary" %>[0m
      [31m          </div>[0m
      [31m        <% end %>[0m
      [31m      </div>[0m
      [31m    </div>[0m
      [31m  </div>[0m
      [36m# ./app/views/users/edit.html.erb:14: syntax error, unexpected local variable or method, expecting constant[0m
      [36m# ...ppend=( f.label ::profile_image, "Image" );@output_buffer.sa...[0m
      [36m# ...                  ^~~~~~~~~~~~~[0m
      [36m# ./app/views/users/edit.html.erb:14: syntax error, unexpected ')', expecting '.' or &. or :: or '['[0m
      [36m# ...abel ::profile_image, "Image" );@output_buffer.safe_append='[0m
      [36m# ...                              ^[0m
      [36m# ./app/views/users/edit.html.erb:15: syntax error, unexpected local variable or method, expecting constant[0m
      [36m# ...=( f.file_field ::profile_image, accept: "image/*" );@output...[0m
      [36m# ...                  ^~~~~~~~~~~~~[0m
      [36m# ./app/views/users/edit.html.erb:24: syntax error, unexpected `end', expecting ')'[0m
      [36m# '.freeze;       end [0m
      [36m#                 ^~~[0m
      [36m# ./app/views/users/edit.html.erb:29: syntax error, unexpected `end', expecting ')'[0m
      [36m#           end[0m
      [36m#           ^~~[0m
      [36m# ./app/views/users/edit.html.erb:14: syntax error, unexpected local variable or method, expecting constant[0m
      [36m# ...ppend=( f.label ::profile_image, "Image" );@output_buffer.sa...[0m
      [36m# ...                  ^~~~~~~~~~~~~[0m
      [36m# ./app/views/users/edit.html.erb:14: syntax error, unexpected ')', expecting '.' or &. or :: or '['[0m
      [36m# ...abel ::profile_image, "Image" );@output_buffer.safe_append='[0m
      [36m# ...                              ^[0m
      [36m# ./app/views/users/edit.html.erb:15: syntax error, unexpected local variable or method, expecting constant[0m
      [36m# ...=( f.file_field ::profile_image, accept: "image/*" );@output...[0m
      [36m# ...                  ^~~~~~~~~~~~~[0m
      [36m# ./app/views/users/edit.html.erb:24: syntax error, unexpected `end', expecting ')'[0m
      [36m# '.freeze;       end [0m
      [36m#                 ^~~[0m
      [36m# ./app/views/users/edit.html.erb:29: syntax error, unexpected `end', expecting ')'[0m
      [36m#           end[0m
      [36m#           ^~~[0m
      [36m# ./spec/system/02_after_login_spec.rb:370:in `block (3 levels) in <main>'[0m
      [36m# ------------------[0m
      [36m# --- Caused by: ---[0m
      [36m# SyntaxError:[0m
      [36m#   /home/ubuntu/environment/bookers2/app/views/users/edit.html.erb:14: syntax error, unexpected local variable or method, expecting constant[0m
      [36m#   ...ppend=( f.label ::profile_image, "Image" );@output_buffer.sa...[0m
      [36m#   ...                  ^~~~~~~~~~~~~[0m
      [36m#   /home/ubuntu/environment/bookers2/app/views/users/edit.html.erb:14: syntax error, unexpected ')', expecting '.' or &. or :: or '['[0m
      [36m#   ...abel ::profile_image, "Image" );@output_buffer.safe_append='[0m
      [36m#   ...                              ^[0m
      [36m#   /home/ubuntu/environment/bookers2/app/views/users/edit.html.erb:15: syntax error, unexpected local variable or method, expecting constant[0m
      [36m#   ...=( f.file_field ::profile_image, accept: "image/*" );@output...[0m
      [36m#   ...                  ^~~~~~~~~~~~~[0m
      [36m#   /home/ubuntu/environment/bookers2/app/views/users/edit.html.erb:24: syntax error, unexpected `end', expecting ')'[0m
      [36m#   '.freeze;       end [0m
      [36m#                   ^~~[0m
      [36m#   /home/ubuntu/environment/bookers2/app/views/users/edit.html.erb:29: syntax error, unexpected `end', expecting ')'[0m
      [36m#             end[0m
      [36m#             ^~~[0m
      [36m#   ./app/views/users/edit.html.erb:14: syntax error, unexpected local variable or method, expecting constant[0m

  18) [STEP2] ユーザログイン後のテスト 自分のユーザ情報編集画面のテスト 表示の確認 名前編集フォームに自分の名前が表示される
      [31mFailure/Error: <%= f.label ::profile_image, "Image" %>[0m
      [31m[0m
      [31mActionView::SyntaxErrorInTemplate:[0m
      [31m  Encountered a syntax error while rendering template: check [0m
      [31m[0m
      [31m  <div class="container">[0m
      [31m    <div class="row">[0m
      [31m      <div class="col-md-8 offset-md-2">[0m
      [31m        <h1 class="mt-3">User info</h1>[0m
      [31m        [0m
      [31m        <%= form_with model: @user, local: true do |f| %>[0m
      [31m          <div class="form-group">[0m
      [31m            <%= f.label :Name, "name" %>[0m
      [31m            <%= f.text_field :name, class: "form-control" %>[0m
      [31m          </div>[0m
      [31m          <div class="form-group">[0m
      [31m            <%= f.label ::profile_image, "Image" %>[0m
      [31m            <%= f.file_field ::profile_image, accept: "image/*" %>[0m
      [31m          </div>[0m
      [31m          <div class="form-group">[0m
      [31m            <%= f.label :Introductio, "Introduction" %>[0m
      [31m            <%= f.text_area :introduction, class: "form-control" %>[0m
      [31m          </div>[0m
      [31m          <div class="mb-3">[0m
      [31m            <%= f.submit "Update User", class: "btn btn-secondary" %>[0m
      [31m          </div>[0m
      [31m        <% end %>[0m
      [31m      </div>[0m
      [31m    </div>[0m
      [31m  </div>[0m
      [36m# ./app/views/users/edit.html.erb:14: syntax error, unexpected local variable or method, expecting constant[0m
      [36m# ...ppend=( f.label ::profile_image, "Image" );@output_buffer.sa...[0m
      [36m# ...                  ^~~~~~~~~~~~~[0m
      [36m# ./app/views/users/edit.html.erb:14: syntax error, unexpected ')', expecting '.' or &. or :: or '['[0m
      [36m# ...abel ::profile_image, "Image" );@output_buffer.safe_append='[0m
      [36m# ...                              ^[0m
      [36m# ./app/views/users/edit.html.erb:15: syntax error, unexpected local variable or method, expecting constant[0m
      [36m# ...=( f.file_field ::profile_image, accept: "image/*" );@output...[0m
      [36m# ...                  ^~~~~~~~~~~~~[0m
      [36m# ./app/views/users/edit.html.erb:24: syntax error, unexpected `end', expecting ')'[0m
      [36m# '.freeze;       end [0m
      [36m#                 ^~~[0m
      [36m# ./app/views/users/edit.html.erb:29: syntax error, unexpected `end', expecting ')'[0m
      [36m#           end[0m
      [36m#           ^~~[0m
      [36m# ./app/views/users/edit.html.erb:14: syntax error, unexpected local variable or method, expecting constant[0m
      [36m# ...ppend=( f.label ::profile_image, "Image" );@output_buffer.sa...[0m
      [36m# ...                  ^~~~~~~~~~~~~[0m
      [36m# ./app/views/users/edit.html.erb:14: syntax error, unexpected ')', expecting '.' or &. or :: or '['[0m
      [36m# ...abel ::profile_image, "Image" );@output_buffer.safe_append='[0m
      [36m# ...                              ^[0m
      [36m# ./app/views/users/edit.html.erb:15: syntax error, unexpected local variable or method, expecting constant[0m
      [36m# ...=( f.file_field ::profile_image, accept: "image/*" );@output...[0m
      [36m# ...                  ^~~~~~~~~~~~~[0m
      [36m# ./app/views/users/edit.html.erb:24: syntax error, unexpected `end', expecting ')'[0m
      [36m# '.freeze;       end [0m
      [36m#                 ^~~[0m
      [36m# ./app/views/users/edit.html.erb:29: syntax error, unexpected `end', expecting ')'[0m
      [36m#           end[0m
      [36m#           ^~~[0m
      [36m# ./spec/system/02_after_login_spec.rb:370:in `block (3 levels) in <main>'[0m
      [36m# ------------------[0m
      [36m# --- Caused by: ---[0m
      [36m# SyntaxError:[0m
      [36m#   /home/ubuntu/environment/bookers2/app/views/users/edit.html.erb:14: syntax error, unexpected local variable or method, expecting constant[0m
      [36m#   ...ppend=( f.label ::profile_image, "Image" );@output_buffer.sa...[0m
      [36m#   ...                  ^~~~~~~~~~~~~[0m
      [36m#   /home/ubuntu/environment/bookers2/app/views/users/edit.html.erb:14: syntax error, unexpected ')', expecting '.' or &. or :: or '['[0m
      [36m#   ...abel ::profile_image, "Image" );@output_buffer.safe_append='[0m
      [36m#   ...                              ^[0m
      [36m#   /home/ubuntu/environment/bookers2/app/views/users/edit.html.erb:15: syntax error, unexpected local variable or method, expecting constant[0m
      [36m#   ...=( f.file_field ::profile_image, accept: "image/*" );@output...[0m
      [36m#   ...                  ^~~~~~~~~~~~~[0m
      [36m#   /home/ubuntu/environment/bookers2/app/views/users/edit.html.erb:24: syntax error, unexpected `end', expecting ')'[0m
      [36m#   '.freeze;       end [0m
      [36m#                   ^~~[0m
      [36m#   /home/ubuntu/environment/bookers2/app/views/users/edit.html.erb:29: syntax error, unexpected `end', expecting ')'[0m
      [36m#             end[0m
      [36m#             ^~~[0m
      [36m#   ./app/views/users/edit.html.erb:14: syntax error, unexpected local variable or method, expecting constant[0m

  19) [STEP2] ユーザログイン後のテスト 自分のユーザ情報編集画面のテスト 表示の確認 画像編集フォームが表示される
      [31mFailure/Error: <%= f.label ::profile_image, "Image" %>[0m
      [31m[0m
      [31mActionView::SyntaxErrorInTemplate:[0m
      [31m  Encountered a syntax error while rendering template: check [0m
      [31m[0m
      [31m  <div class="container">[0m
      [31m    <div class="row">[0m
      [31m      <div class="col-md-8 offset-md-2">[0m
      [31m        <h1 class="mt-3">User info</h1>[0m
      [31m        [0m
      [31m        <%= form_with model: @user, local: true do |f| %>[0m
      [31m          <div class="form-group">[0m
      [31m            <%= f.label :Name, "name" %>[0m
      [31m            <%= f.text_field :name, class: "form-control" %>[0m
      [31m          </div>[0m
      [31m          <div class="form-group">[0m
      [31m            <%= f.label ::profile_image, "Image" %>[0m
      [31m            <%= f.file_field ::profile_image, accept: "image/*" %>[0m
      [31m          </div>[0m
      [31m          <div class="form-group">[0m
      [31m            <%= f.label :Introductio, "Introduction" %>[0m
      [31m            <%= f.text_area :introduction, class: "form-control" %>[0m
      [31m          </div>[0m
      [31m          <div class="mb-3">[0m
      [31m            <%= f.submit "Update User", class: "btn btn-secondary" %>[0m
      [31m          </div>[0m
      [31m        <% end %>[0m
      [31m      </div>[0m
      [31m    </div>[0m
      [31m  </div>[0m
      [36m# ./app/views/users/edit.html.erb:14: syntax error, unexpected local variable or method, expecting constant[0m
      [36m# ...ppend=( f.label ::profile_image, "Image" );@output_buffer.sa...[0m
      [36m# ...                  ^~~~~~~~~~~~~[0m
      [36m# ./app/views/users/edit.html.erb:14: syntax error, unexpected ')', expecting '.' or &. or :: or '['[0m
      [36m# ...abel ::profile_image, "Image" );@output_buffer.safe_append='[0m
      [36m# ...                              ^[0m
      [36m# ./app/views/users/edit.html.erb:15: syntax error, unexpected local variable or method, expecting constant[0m
      [36m# ...=( f.file_field ::profile_image, accept: "image/*" );@output...[0m
      [36m# ...                  ^~~~~~~~~~~~~[0m
      [36m# ./app/views/users/edit.html.erb:24: syntax error, unexpected `end', expecting ')'[0m
      [36m# '.freeze;       end [0m
      [36m#                 ^~~[0m
      [36m# ./app/views/users/edit.html.erb:29: syntax error, unexpected `end', expecting ')'[0m
      [36m#           end[0m
      [36m#           ^~~[0m
      [36m# ./app/views/users/edit.html.erb:14: syntax error, unexpected local variable or method, expecting constant[0m
      [36m# ...ppend=( f.label ::profile_image, "Image" );@output_buffer.sa...[0m
      [36m# ...                  ^~~~~~~~~~~~~[0m
      [36m# ./app/views/users/edit.html.erb:14: syntax error, unexpected ')', expecting '.' or &. or :: or '['[0m
      [36m# ...abel ::profile_image, "Image" );@output_buffer.safe_append='[0m
      [36m# ...                              ^[0m
      [36m# ./app/views/users/edit.html.erb:15: syntax error, unexpected local variable or method, expecting constant[0m
      [36m# ...=( f.file_field ::profile_image, accept: "image/*" );@output...[0m
      [36m# ...                  ^~~~~~~~~~~~~[0m
      [36m# ./app/views/users/edit.html.erb:24: syntax error, unexpected `end', expecting ')'[0m
      [36m# '.freeze;       end [0m
      [36m#                 ^~~[0m
      [36m# ./app/views/users/edit.html.erb:29: syntax error, unexpected `end', expecting ')'[0m
      [36m#           end[0m
      [36m#           ^~~[0m
      [36m# ./spec/system/02_after_login_spec.rb:370:in `block (3 levels) in <main>'[0m
      [36m# ------------------[0m
      [36m# --- Caused by: ---[0m
      [36m# SyntaxError:[0m
      [36m#   /home/ubuntu/environment/bookers2/app/views/users/edit.html.erb:14: syntax error, unexpected local variable or method, expecting constant[0m
      [36m#   ...ppend=( f.label ::profile_image, "Image" );@output_buffer.sa...[0m
      [36m#   ...                  ^~~~~~~~~~~~~[0m
      [36m#   /home/ubuntu/environment/bookers2/app/views/users/edit.html.erb:14: syntax error, unexpected ')', expecting '.' or &. or :: or '['[0m
      [36m#   ...abel ::profile_image, "Image" );@output_buffer.safe_append='[0m
      [36m#   ...                              ^[0m
      [36m#   /home/ubuntu/environment/bookers2/app/views/users/edit.html.erb:15: syntax error, unexpected local variable or method, expecting constant[0m
      [36m#   ...=( f.file_field ::profile_image, accept: "image/*" );@output...[0m
      [36m#   ...                  ^~~~~~~~~~~~~[0m
      [36m#   /home/ubuntu/environment/bookers2/app/views/users/edit.html.erb:24: syntax error, unexpected `end', expecting ')'[0m
      [36m#   '.freeze;       end [0m
      [36m#                   ^~~[0m
      [36m#   /home/ubuntu/environment/bookers2/app/views/users/edit.html.erb:29: syntax error, unexpected `end', expecting ')'[0m
      [36m#             end[0m
      [36m#             ^~~[0m
      [36m#   ./app/views/users/edit.html.erb:14: syntax error, unexpected local variable or method, expecting constant[0m

  20) [STEP2] ユーザログイン後のテスト 自分のユーザ情報編集画面のテスト 表示の確認 自己紹介編集フォームに自分の自己紹介文が表示される
      [31mFailure/Error: <%= f.label ::profile_image, "Image" %>[0m
      [31m[0m
      [31mActionView::SyntaxErrorInTemplate:[0m
      [31m  Encountered a syntax error while rendering template: check [0m
      [31m[0m
      [31m  <div class="container">[0m
      [31m    <div class="row">[0m
      [31m      <div class="col-md-8 offset-md-2">[0m
      [31m        <h1 class="mt-3">User info</h1>[0m
      [31m        [0m
      [31m        <%= form_with model: @user, local: true do |f| %>[0m
      [31m          <div class="form-group">[0m
      [31m            <%= f.label :Name, "name" %>[0m
      [31m            <%= f.text_field :name, class: "form-control" %>[0m
      [31m          </div>[0m
      [31m          <div class="form-group">[0m
      [31m            <%= f.label ::profile_image, "Image" %>[0m
      [31m            <%= f.file_field ::profile_image, accept: "image/*" %>[0m
      [31m          </div>[0m
      [31m          <div class="form-group">[0m
      [31m            <%= f.label :Introductio, "Introduction" %>[0m
      [31m            <%= f.text_area :introduction, class: "form-control" %>[0m
      [31m          </div>[0m
      [31m          <div class="mb-3">[0m
      [31m            <%= f.submit "Update User", class: "btn btn-secondary" %>[0m
      [31m          </div>[0m
      [31m        <% end %>[0m
      [31m      </div>[0m
      [31m    </div>[0m
      [31m  </div>[0m
      [36m# ./app/views/users/edit.html.erb:14: syntax error, unexpected local variable or method, expecting constant[0m
      [36m# ...ppend=( f.label ::profile_image, "Image" );@output_buffer.sa...[0m
      [36m# ...                  ^~~~~~~~~~~~~[0m
      [36m# ./app/views/users/edit.html.erb:14: syntax error, unexpected ')', expecting '.' or &. or :: or '['[0m
      [36m# ...abel ::profile_image, "Image" );@output_buffer.safe_append='[0m
      [36m# ...                              ^[0m
      [36m# ./app/views/users/edit.html.erb:15: syntax error, unexpected local variable or method, expecting constant[0m
      [36m# ...=( f.file_field ::profile_image, accept: "image/*" );@output...[0m
      [36m# ...                  ^~~~~~~~~~~~~[0m
      [36m# ./app/views/users/edit.html.erb:24: syntax error, unexpected `end', expecting ')'[0m
      [36m# '.freeze;       end [0m
      [36m#                 ^~~[0m
      [36m# ./app/views/users/edit.html.erb:29: syntax error, unexpected `end', expecting ')'[0m
      [36m#           end[0m
      [36m#           ^~~[0m
      [36m# ./app/views/users/edit.html.erb:14: syntax error, unexpected local variable or method, expecting constant[0m
      [36m# ...ppend=( f.label ::profile_image, "Image" );@output_buffer.sa...[0m
      [36m# ...                  ^~~~~~~~~~~~~[0m
      [36m# ./app/views/users/edit.html.erb:14: syntax error, unexpected ')', expecting '.' or &. or :: or '['[0m
      [36m# ...abel ::profile_image, "Image" );@output_buffer.safe_append='[0m
      [36m# ...                              ^[0m
      [36m# ./app/views/users/edit.html.erb:15: syntax error, unexpected local variable or method, expecting constant[0m
      [36m# ...=( f.file_field ::profile_image, accept: "image/*" );@output...[0m
      [36m# ...                  ^~~~~~~~~~~~~[0m
      [36m# ./app/views/users/edit.html.erb:24: syntax error, unexpected `end', expecting ')'[0m
      [36m# '.freeze;       end [0m
      [36m#                 ^~~[0m
      [36m# ./app/views/users/edit.html.erb:29: syntax error, unexpected `end', expecting ')'[0m
      [36m#           end[0m
      [36m#           ^~~[0m
      [36m# ./spec/system/02_after_login_spec.rb:370:in `block (3 levels) in <main>'[0m
      [36m# ------------------[0m
      [36m# --- Caused by: ---[0m
      [36m# SyntaxError:[0m
      [36m#   /home/ubuntu/environment/bookers2/app/views/users/edit.html.erb:14: syntax error, unexpected local variable or method, expecting constant[0m
      [36m#   ...ppend=( f.label ::profile_image, "Image" );@output_buffer.sa...[0m
      [36m#   ...                  ^~~~~~~~~~~~~[0m
      [36m#   /home/ubuntu/environment/bookers2/app/views/users/edit.html.erb:14: syntax error, unexpected ')', expecting '.' or &. or :: or '['[0m
      [36m#   ...abel ::profile_image, "Image" );@output_buffer.safe_append='[0m
      [36m#   ...                              ^[0m
      [36m#   /home/ubuntu/environment/bookers2/app/views/users/edit.html.erb:15: syntax error, unexpected local variable or method, expecting constant[0m
      [36m#   ...=( f.file_field ::profile_image, accept: "image/*" );@output...[0m
      [36m#   ...                  ^~~~~~~~~~~~~[0m
      [36m#   /home/ubuntu/environment/bookers2/app/views/users/edit.html.erb:24: syntax error, unexpected `end', expecting ')'[0m
      [36m#   '.freeze;       end [0m
      [36m#                   ^~~[0m
      [36m#   /home/ubuntu/environment/bookers2/app/views/users/edit.html.erb:29: syntax error, unexpected `end', expecting ')'[0m
      [36m#             end[0m
      [36m#             ^~~[0m
      [36m#   ./app/views/users/edit.html.erb:14: syntax error, unexpected local variable or method, expecting constant[0m

  21) [STEP2] ユーザログイン後のテスト 自分のユーザ情報編集画面のテスト 表示の確認 Update Userボタンが表示される
      [31mFailure/Error: <%= f.label ::profile_image, "Image" %>[0m
      [31m[0m
      [31mActionView::SyntaxErrorInTemplate:[0m
      [31m  Encountered a syntax error while rendering template: check [0m
      [31m[0m
      [31m  <div class="container">[0m
      [31m    <div class="row">[0m
      [31m      <div class="col-md-8 offset-md-2">[0m
      [31m        <h1 class="mt-3">User info</h1>[0m
      [31m        [0m
      [31m        <%= form_with model: @user, local: true do |f| %>[0m
      [31m          <div class="form-group">[0m
      [31m            <%= f.label :Name, "name" %>[0m
      [31m            <%= f.text_field :name, class: "form-control" %>[0m
      [31m          </div>[0m
      [31m          <div class="form-group">[0m
      [31m            <%= f.label ::profile_image, "Image" %>[0m
      [31m            <%= f.file_field ::profile_image, accept: "image/*" %>[0m
      [31m          </div>[0m
      [31m          <div class="form-group">[0m
      [31m            <%= f.label :Introductio, "Introduction" %>[0m
      [31m            <%= f.text_area :introduction, class: "form-control" %>[0m
      [31m          </div>[0m
      [31m          <div class="mb-3">[0m
      [31m            <%= f.submit "Update User", class: "btn btn-secondary" %>[0m
      [31m          </div>[0m
      [31m        <% end %>[0m
      [31m      </div>[0m
      [31m    </div>[0m
      [31m  </div>[0m
      [36m# ./app/views/users/edit.html.erb:14: syntax error, unexpected local variable or method, expecting constant[0m
      [36m# ...ppend=( f.label ::profile_image, "Image" );@output_buffer.sa...[0m
      [36m# ...                  ^~~~~~~~~~~~~[0m
      [36m# ./app/views/users/edit.html.erb:14: syntax error, unexpected ')', expecting '.' or &. or :: or '['[0m
      [36m# ...abel ::profile_image, "Image" );@output_buffer.safe_append='[0m
      [36m# ...                              ^[0m
      [36m# ./app/views/users/edit.html.erb:15: syntax error, unexpected local variable or method, expecting constant[0m
      [36m# ...=( f.file_field ::profile_image, accept: "image/*" );@output...[0m
      [36m# ...                  ^~~~~~~~~~~~~[0m
      [36m# ./app/views/users/edit.html.erb:24: syntax error, unexpected `end', expecting ')'[0m
      [36m# '.freeze;       end [0m
      [36m#                 ^~~[0m
      [36m# ./app/views/users/edit.html.erb:29: syntax error, unexpected `end', expecting ')'[0m
      [36m#           end[0m
      [36m#           ^~~[0m
      [36m# ./app/views/users/edit.html.erb:14: syntax error, unexpected local variable or method, expecting constant[0m
      [36m# ...ppend=( f.label ::profile_image, "Image" );@output_buffer.sa...[0m
      [36m# ...                  ^~~~~~~~~~~~~[0m
      [36m# ./app/views/users/edit.html.erb:14: syntax error, unexpected ')', expecting '.' or &. or :: or '['[0m
      [36m# ...abel ::profile_image, "Image" );@output_buffer.safe_append='[0m
      [36m# ...                              ^[0m
      [36m# ./app/views/users/edit.html.erb:15: syntax error, unexpected local variable or method, expecting constant[0m
      [36m# ...=( f.file_field ::profile_image, accept: "image/*" );@output...[0m
      [36m# ...                  ^~~~~~~~~~~~~[0m
      [36m# ./app/views/users/edit.html.erb:24: syntax error, unexpected `end', expecting ')'[0m
      [36m# '.freeze;       end [0m
      [36m#                 ^~~[0m
      [36m# ./app/views/users/edit.html.erb:29: syntax error, unexpected `end', expecting ')'[0m
      [36m#           end[0m
      [36m#           ^~~[0m
      [36m# ./spec/system/02_after_login_spec.rb:370:in `block (3 levels) in <main>'[0m
      [36m# ------------------[0m
      [36m# --- Caused by: ---[0m
      [36m# SyntaxError:[0m
      [36m#   /home/ubuntu/environment/bookers2/app/views/users/edit.html.erb:14: syntax error, unexpected local variable or method, expecting constant[0m
      [36m#   ...ppend=( f.label ::profile_image, "Image" );@output_buffer.sa...[0m
      [36m#   ...                  ^~~~~~~~~~~~~[0m
      [36m#   /home/ubuntu/environment/bookers2/app/views/users/edit.html.erb:14: syntax error, unexpected ')', expecting '.' or &. or :: or '['[0m
      [36m#   ...abel ::profile_image, "Image" );@output_buffer.safe_append='[0m
      [36m#   ...                              ^[0m
      [36m#   /home/ubuntu/environment/bookers2/app/views/users/edit.html.erb:15: syntax error, unexpected local variable or method, expecting constant[0m
      [36m#   ...=( f.file_field ::profile_image, accept: "image/*" );@output...[0m
      [36m#   ...                  ^~~~~~~~~~~~~[0m
      [36m#   /home/ubuntu/environment/bookers2/app/views/users/edit.html.erb:24: syntax error, unexpected `end', expecting ')'[0m
      [36m#   '.freeze;       end [0m
      [36m#                   ^~~[0m
      [36m#   /home/ubuntu/environment/bookers2/app/views/users/edit.html.erb:29: syntax error, unexpected `end', expecting ')'[0m
      [36m#             end[0m
      [36m#             ^~~[0m
      [36m#   ./app/views/users/edit.html.erb:14: syntax error, unexpected local variable or method, expecting constant[0m

  22) [STEP2] ユーザログイン後のテスト 自分のユーザ情報編集画面のテスト 更新成功のテスト nameが正しく更新される
      [31mFailure/Error: <%= f.label ::profile_image, "Image" %>[0m
      [31m[0m
      [31mActionView::SyntaxErrorInTemplate:[0m
      [31m  Encountered a syntax error while rendering template: check [0m
      [31m[0m
      [31m  <div class="container">[0m
      [31m    <div class="row">[0m
      [31m      <div class="col-md-8 offset-md-2">[0m
      [31m        <h1 class="mt-3">User info</h1>[0m
      [31m        [0m
      [31m        <%= form_with model: @user, local: true do |f| %>[0m
      [31m          <div class="form-group">[0m
      [31m            <%= f.label :Name, "name" %>[0m
      [31m            <%= f.text_field :name, class: "form-control" %>[0m
      [31m          </div>[0m
      [31m          <div class="form-group">[0m
      [31m            <%= f.label ::profile_image, "Image" %>[0m
      [31m            <%= f.file_field ::profile_image, accept: "image/*" %>[0m
      [31m          </div>[0m
      [31m          <div class="form-group">[0m
      [31m            <%= f.label :Introductio, "Introduction" %>[0m
      [31m            <%= f.text_area :introduction, class: "form-control" %>[0m
      [31m          </div>[0m
      [31m          <div class="mb-3">[0m
      [31m            <%= f.submit "Update User", class: "btn btn-secondary" %>[0m
      [31m          </div>[0m
      [31m        <% end %>[0m
      [31m      </div>[0m
      [31m    </div>[0m
      [31m  </div>[0m
      [36m# ./app/views/users/edit.html.erb:14: syntax error, unexpected local variable or method, expecting constant[0m
      [36m# ...ppend=( f.label ::profile_image, "Image" );@output_buffer.sa...[0m
      [36m# ...                  ^~~~~~~~~~~~~[0m
      [36m# ./app/views/users/edit.html.erb:14: syntax error, unexpected ')', expecting '.' or &. or :: or '['[0m
      [36m# ...abel ::profile_image, "Image" );@output_buffer.safe_append='[0m
      [36m# ...                              ^[0m
      [36m# ./app/views/users/edit.html.erb:15: syntax error, unexpected local variable or method, expecting constant[0m
      [36m# ...=( f.file_field ::profile_image, accept: "image/*" );@output...[0m
      [36m# ...                  ^~~~~~~~~~~~~[0m
      [36m# ./app/views/users/edit.html.erb:24: syntax error, unexpected `end', expecting ')'[0m
      [36m# '.freeze;       end [0m
      [36m#                 ^~~[0m
      [36m# ./app/views/users/edit.html.erb:29: syntax error, unexpected `end', expecting ')'[0m
      [36m#           end[0m
      [36m#           ^~~[0m
      [36m# ./app/views/users/edit.html.erb:14: syntax error, unexpected local variable or method, expecting constant[0m
      [36m# ...ppend=( f.label ::profile_image, "Image" );@output_buffer.sa...[0m
      [36m# ...                  ^~~~~~~~~~~~~[0m
      [36m# ./app/views/users/edit.html.erb:14: syntax error, unexpected ')', expecting '.' or &. or :: or '['[0m
      [36m# ...abel ::profile_image, "Image" );@output_buffer.safe_append='[0m
      [36m# ...                              ^[0m
      [36m# ./app/views/users/edit.html.erb:15: syntax error, unexpected local variable or method, expecting constant[0m
      [36m# ...=( f.file_field ::profile_image, accept: "image/*" );@output...[0m
      [36m# ...                  ^~~~~~~~~~~~~[0m
      [36m# ./app/views/users/edit.html.erb:24: syntax error, unexpected `end', expecting ')'[0m
      [36m# '.freeze;       end [0m
      [36m#                 ^~~[0m
      [36m# ./app/views/users/edit.html.erb:29: syntax error, unexpected `end', expecting ')'[0m
      [36m#           end[0m
      [36m#           ^~~[0m
      [36m# ./spec/system/02_after_login_spec.rb:370:in `block (3 levels) in <main>'[0m
      [36m# ------------------[0m
      [36m# --- Caused by: ---[0m
      [36m# SyntaxError:[0m
      [36m#   /home/ubuntu/environment/bookers2/app/views/users/edit.html.erb:14: syntax error, unexpected local variable or method, expecting constant[0m
      [36m#   ...ppend=( f.label ::profile_image, "Image" );@output_buffer.sa...[0m
      [36m#   ...                  ^~~~~~~~~~~~~[0m
      [36m#   /home/ubuntu/environment/bookers2/app/views/users/edit.html.erb:14: syntax error, unexpected ')', expecting '.' or &. or :: or '['[0m
      [36m#   ...abel ::profile_image, "Image" );@output_buffer.safe_append='[0m
      [36m#   ...                              ^[0m
      [36m#   /home/ubuntu/environment/bookers2/app/views/users/edit.html.erb:15: syntax error, unexpected local variable or method, expecting constant[0m
      [36m#   ...=( f.file_field ::profile_image, accept: "image/*" );@output...[0m
      [36m#   ...                  ^~~~~~~~~~~~~[0m
      [36m#   /home/ubuntu/environment/bookers2/app/views/users/edit.html.erb:24: syntax error, unexpected `end', expecting ')'[0m
      [36m#   '.freeze;       end [0m
      [36m#                   ^~~[0m
      [36m#   /home/ubuntu/environment/bookers2/app/views/users/edit.html.erb:29: syntax error, unexpected `end', expecting ')'[0m
      [36m#             end[0m
      [36m#             ^~~[0m
      [36m#   ./app/views/users/edit.html.erb:14: syntax error, unexpected local variable or method, expecting constant[0m

  23) [STEP2] ユーザログイン後のテスト 自分のユーザ情報編集画面のテスト 更新成功のテスト introductionが正しく更新される
      [31mFailure/Error: <%= f.label ::profile_image, "Image" %>[0m
      [31m[0m
      [31mActionView::SyntaxErrorInTemplate:[0m
      [31m  Encountered a syntax error while rendering template: check [0m
      [31m[0m
      [31m  <div class="container">[0m
      [31m    <div class="row">[0m
      [31m      <div class="col-md-8 offset-md-2">[0m
      [31m        <h1 class="mt-3">User info</h1>[0m
      [31m        [0m
      [31m        <%= form_with model: @user, local: true do |f| %>[0m
      [31m          <div class="form-group">[0m
      [31m            <%= f.label :Name, "name" %>[0m
      [31m            <%= f.text_field :name, class: "form-control" %>[0m
      [31m          </div>[0m
      [31m          <div class="form-group">[0m
      [31m            <%= f.label ::profile_image, "Image" %>[0m
      [31m            <%= f.file_field ::profile_image, accept: "image/*" %>[0m
      [31m          </div>[0m
      [31m          <div class="form-group">[0m
      [31m            <%= f.label :Introductio, "Introduction" %>[0m
      [31m            <%= f.text_area :introduction, class: "form-control" %>[0m
      [31m          </div>[0m
      [31m          <div class="mb-3">[0m
      [31m            <%= f.submit "Update User", class: "btn btn-secondary" %>[0m
      [31m          </div>[0m
      [31m        <% end %>[0m
      [31m      </div>[0m
      [31m    </div>[0m
      [31m  </div>[0m
      [36m# ./app/views/users/edit.html.erb:14: syntax error, unexpected local variable or method, expecting constant[0m
      [36m# ...ppend=( f.label ::profile_image, "Image" );@output_buffer.sa...[0m
      [36m# ...                  ^~~~~~~~~~~~~[0m
      [36m# ./app/views/users/edit.html.erb:14: syntax error, unexpected ')', expecting '.' or &. or :: or '['[0m
      [36m# ...abel ::profile_image, "Image" );@output_buffer.safe_append='[0m
      [36m# ...                              ^[0m
      [36m# ./app/views/users/edit.html.erb:15: syntax error, unexpected local variable or method, expecting constant[0m
      [36m# ...=( f.file_field ::profile_image, accept: "image/*" );@output...[0m
      [36m# ...                  ^~~~~~~~~~~~~[0m
      [36m# ./app/views/users/edit.html.erb:24: syntax error, unexpected `end', expecting ')'[0m
      [36m# '.freeze;       end [0m
      [36m#                 ^~~[0m
      [36m# ./app/views/users/edit.html.erb:29: syntax error, unexpected `end', expecting ')'[0m
      [36m#           end[0m
      [36m#           ^~~[0m
      [36m# ./app/views/users/edit.html.erb:14: syntax error, unexpected local variable or method, expecting constant[0m
      [36m# ...ppend=( f.label ::profile_image, "Image" );@output_buffer.sa...[0m
      [36m# ...                  ^~~~~~~~~~~~~[0m
      [36m# ./app/views/users/edit.html.erb:14: syntax error, unexpected ')', expecting '.' or &. or :: or '['[0m
      [36m# ...abel ::profile_image, "Image" );@output_buffer.safe_append='[0m
      [36m# ...                              ^[0m
      [36m# ./app/views/users/edit.html.erb:15: syntax error, unexpected local variable or method, expecting constant[0m
      [36m# ...=( f.file_field ::profile_image, accept: "image/*" );@output...[0m
      [36m# ...                  ^~~~~~~~~~~~~[0m
      [36m# ./app/views/users/edit.html.erb:24: syntax error, unexpected `end', expecting ')'[0m
      [36m# '.freeze;       end [0m
      [36m#                 ^~~[0m
      [36m# ./app/views/users/edit.html.erb:29: syntax error, unexpected `end', expecting ')'[0m
      [36m#           end[0m
      [36m#           ^~~[0m
      [36m# ./spec/system/02_after_login_spec.rb:370:in `block (3 levels) in <main>'[0m
      [36m# ------------------[0m
      [36m# --- Caused by: ---[0m
      [36m# SyntaxError:[0m
      [36m#   /home/ubuntu/environment/bookers2/app/views/users/edit.html.erb:14: syntax error, unexpected local variable or method, expecting constant[0m
      [36m#   ...ppend=( f.label ::profile_image, "Image" );@output_buffer.sa...[0m
      [36m#   ...                  ^~~~~~~~~~~~~[0m
      [36m#   /home/ubuntu/environment/bookers2/app/views/users/edit.html.erb:14: syntax error, unexpected ')', expecting '.' or &. or :: or '['[0m
      [36m#   ...abel ::profile_image, "Image" );@output_buffer.safe_append='[0m
      [36m#   ...                              ^[0m
      [36m#   /home/ubuntu/environment/bookers2/app/views/users/edit.html.erb:15: syntax error, unexpected local variable or method, expecting constant[0m
      [36m#   ...=( f.file_field ::profile_image, accept: "image/*" );@output...[0m
      [36m#   ...                  ^~~~~~~~~~~~~[0m
      [36m#   /home/ubuntu/environment/bookers2/app/views/users/edit.html.erb:24: syntax error, unexpected `end', expecting ')'[0m
      [36m#   '.freeze;       end [0m
      [36m#                   ^~~[0m
      [36m#   /home/ubuntu/environment/bookers2/app/views/users/edit.html.erb:29: syntax error, unexpected `end', expecting ')'[0m
      [36m#             end[0m
      [36m#             ^~~[0m
      [36m#   ./app/views/users/edit.html.erb:14: syntax error, unexpected local variable or method, expecting constant[0m

  24) [STEP2] ユーザログイン後のテスト 自分のユーザ情報編集画面のテスト 更新成功のテスト リダイレクト先が、自分のユーザ詳細画面になっている
      [31mFailure/Error: <%= f.label ::profile_image, "Image" %>[0m
      [31m[0m
      [31mActionView::SyntaxErrorInTemplate:[0m
      [31m  Encountered a syntax error while rendering template: check [0m
      [31m[0m
      [31m  <div class="container">[0m
      [31m    <div class="row">[0m
      [31m      <div class="col-md-8 offset-md-2">[0m
      [31m        <h1 class="mt-3">User info</h1>[0m
      [31m        [0m
      [31m        <%= form_with model: @user, local: true do |f| %>[0m
      [31m          <div class="form-group">[0m
      [31m            <%= f.label :Name, "name" %>[0m
      [31m            <%= f.text_field :name, class: "form-control" %>[0m
      [31m          </div>[0m
      [31m          <div class="form-group">[0m
      [31m            <%= f.label ::profile_image, "Image" %>[0m
      [31m            <%= f.file_field ::profile_image, accept: "image/*" %>[0m
      [31m          </div>[0m
      [31m          <div class="form-group">[0m
      [31m            <%= f.label :Introductio, "Introduction" %>[0m
      [31m            <%= f.text_area :introduction, class: "form-control" %>[0m
      [31m          </div>[0m
      [31m          <div class="mb-3">[0m
      [31m            <%= f.submit "Update User", class: "btn btn-secondary" %>[0m
      [31m          </div>[0m
      [31m        <% end %>[0m
      [31m      </div>[0m
      [31m    </div>[0m
      [31m  </div>[0m
      [36m# ./app/views/users/edit.html.erb:14: syntax error, unexpected local variable or method, expecting constant[0m
      [36m# ...ppend=( f.label ::profile_image, "Image" );@output_buffer.sa...[0m
      [36m# ...                  ^~~~~~~~~~~~~[0m
      [36m# ./app/views/users/edit.html.erb:14: syntax error, unexpected ')', expecting '.' or &. or :: or '['[0m
      [36m# ...abel ::profile_image, "Image" );@output_buffer.safe_append='[0m
      [36m# ...                              ^[0m
      [36m# ./app/views/users/edit.html.erb:15: syntax error, unexpected local variable or method, expecting constant[0m
      [36m# ...=( f.file_field ::profile_image, accept: "image/*" );@output...[0m
      [36m# ...                  ^~~~~~~~~~~~~[0m
      [36m# ./app/views/users/edit.html.erb:24: syntax error, unexpected `end', expecting ')'[0m
      [36m# '.freeze;       end [0m
      [36m#                 ^~~[0m
      [36m# ./app/views/users/edit.html.erb:29: syntax error, unexpected `end', expecting ')'[0m
      [36m#           end[0m
      [36m#           ^~~[0m
      [36m# ./app/views/users/edit.html.erb:14: syntax error, unexpected local variable or method, expecting constant[0m
      [36m# ...ppend=( f.label ::profile_image, "Image" );@output_buffer.sa...[0m
      [36m# ...                  ^~~~~~~~~~~~~[0m
      [36m# ./app/views/users/edit.html.erb:14: syntax error, unexpected ')', expecting '.' or &. or :: or '['[0m
      [36m# ...abel ::profile_image, "Image" );@output_buffer.safe_append='[0m
      [36m# ...                              ^[0m
      [36m# ./app/views/users/edit.html.erb:15: syntax error, unexpected local variable or method, expecting constant[0m
      [36m# ...=( f.file_field ::profile_image, accept: "image/*" );@output...[0m
      [36m# ...                  ^~~~~~~~~~~~~[0m
      [36m# ./app/views/users/edit.html.erb:24: syntax error, unexpected `end', expecting ')'[0m
      [36m# '.freeze;       end [0m
      [36m#                 ^~~[0m
      [36m# ./app/views/users/edit.html.erb:29: syntax error, unexpected `end', expecting ')'[0m
      [36m#           end[0m
      [36m#           ^~~[0m
      [36m# ./spec/system/02_after_login_spec.rb:370:in `block (3 levels) in <main>'[0m
      [36m# ------------------[0m
      [36m# --- Caused by: ---[0m
      [36m# SyntaxError:[0m
      [36m#   /home/ubuntu/environment/bookers2/app/views/users/edit.html.erb:14: syntax error, unexpected local variable or method, expecting constant[0m
      [36m#   ...ppend=( f.label ::profile_image, "Image" );@output_buffer.sa...[0m
      [36m#   ...                  ^~~~~~~~~~~~~[0m
      [36m#   /home/ubuntu/environment/bookers2/app/views/users/edit.html.erb:14: syntax error, unexpected ')', expecting '.' or &. or :: or '['[0m
      [36m#   ...abel ::profile_image, "Image" );@output_buffer.safe_append='[0m
      [36m#   ...                              ^[0m
      [36m#   /home/ubuntu/environment/bookers2/app/views/users/edit.html.erb:15: syntax error, unexpected local variable or method, expecting constant[0m
      [36m#   ...=( f.file_field ::profile_image, accept: "image/*" );@output...[0m
      [36m#   ...                  ^~~~~~~~~~~~~[0m
      [36m#   /home/ubuntu/environment/bookers2/app/views/users/edit.html.erb:24: syntax error, unexpected `end', expecting ')'[0m
      [36m#   '.freeze;       end [0m
      [36m#                   ^~~[0m
      [36m#   /home/ubuntu/environment/bookers2/app/views/users/edit.html.erb:29: syntax error, unexpected `end', expecting ')'[0m
      [36m#             end[0m
      [36m#             ^~~[0m
      [36m#   ./app/views/users/edit.html.erb:14: syntax error, unexpected local variable or method, expecting constant[0m

  25) [STEP3] 仕上げのテスト サクセスメッセージのテスト ユーザのプロフィール情報更新成功時
      [31mFailure/Error: <%= f.label ::profile_image, "Image" %>[0m
      [31m[0m
      [31mActionView::SyntaxErrorInTemplate:[0m
      [31m  Encountered a syntax error while rendering template: check [0m
      [31m[0m
      [31m  <div class="container">[0m
      [31m    <div class="row">[0m
      [31m      <div class="col-md-8 offset-md-2">[0m
      [31m        <h1 class="mt-3">User info</h1>[0m
      [31m        [0m
      [31m        <%= form_with model: @user, local: true do |f| %>[0m
      [31m          <div class="form-group">[0m
      [31m            <%= f.label :Name, "name" %>[0m
      [31m            <%= f.text_field :name, class: "form-control" %>[0m
      [31m          </div>[0m
      [31m          <div class="form-group">[0m
      [31m            <%= f.label ::profile_image, "Image" %>[0m
      [31m            <%= f.file_field ::profile_image, accept: "image/*" %>[0m
      [31m          </div>[0m
      [31m          <div class="form-group">[0m
      [31m            <%= f.label :Introductio, "Introduction" %>[0m
      [31m            <%= f.text_area :introduction, class: "form-control" %>[0m
      [31m          </div>[0m
      [31m          <div class="mb-3">[0m
      [31m            <%= f.submit "Update User", class: "btn btn-secondary" %>[0m
      [31m          </div>[0m
      [31m        <% end %>[0m
      [31m      </div>[0m
      [31m    </div>[0m
      [31m  </div>[0m
      [36m# ./app/views/users/edit.html.erb:14: syntax error, unexpected local variable or method, expecting constant[0m
      [36m# ...ppend=( f.label ::profile_image, "Image" );@output_buffer.sa...[0m
      [36m# ...                  ^~~~~~~~~~~~~[0m
      [36m# ./app/views/users/edit.html.erb:14: syntax error, unexpected ')', expecting '.' or &. or :: or '['[0m
      [36m# ...abel ::profile_image, "Image" );@output_buffer.safe_append='[0m
      [36m# ...                              ^[0m
      [36m# ./app/views/users/edit.html.erb:15: syntax error, unexpected local variable or method, expecting constant[0m
      [36m# ...=( f.file_field ::profile_image, accept: "image/*" );@output...[0m
      [36m# ...                  ^~~~~~~~~~~~~[0m
      [36m# ./app/views/users/edit.html.erb:24: syntax error, unexpected `end', expecting ')'[0m
      [36m# '.freeze;       end [0m
      [36m#                 ^~~[0m
      [36m# ./app/views/users/edit.html.erb:29: syntax error, unexpected `end', expecting ')'[0m
      [36m#           end[0m
      [36m#           ^~~[0m
      [36m# ./app/views/users/edit.html.erb:14: syntax error, unexpected local variable or method, expecting constant[0m
      [36m# ...ppend=( f.label ::profile_image, "Image" );@output_buffer.sa...[0m
      [36m# ...                  ^~~~~~~~~~~~~[0m
      [36m# ./app/views/users/edit.html.erb:14: syntax error, unexpected ')', expecting '.' or &. or :: or '['[0m
      [36m# ...abel ::profile_image, "Image" );@output_buffer.safe_append='[0m
      [36m# ...                              ^[0m
      [36m# ./app/views/users/edit.html.erb:15: syntax error, unexpected local variable or method, expecting constant[0m
      [36m# ...=( f.file_field ::profile_image, accept: "image/*" );@output...[0m
      [36m# ...                  ^~~~~~~~~~~~~[0m
      [36m# ./app/views/users/edit.html.erb:24: syntax error, unexpected `end', expecting ')'[0m
      [36m# '.freeze;       end [0m
      [36m#                 ^~~[0m
      [36m# ./app/views/users/edit.html.erb:29: syntax error, unexpected `end', expecting ')'[0m
      [36m#           end[0m
      [36m#           ^~~[0m
      [36m# ./spec/system/03_finishing_touches_spec.rb:43:in `block (3 levels) in <main>'[0m
      [36m# ------------------[0m
      [36m# --- Caused by: ---[0m
      [36m# SyntaxError:[0m
      [36m#   /home/ubuntu/environment/bookers2/app/views/users/edit.html.erb:14: syntax error, unexpected local variable or method, expecting constant[0m
      [36m#   ...ppend=( f.label ::profile_image, "Image" );@output_buffer.sa...[0m
      [36m#   ...                  ^~~~~~~~~~~~~[0m
      [36m#   /home/ubuntu/environment/bookers2/app/views/users/edit.html.erb:14: syntax error, unexpected ')', expecting '.' or &. or :: or '['[0m
      [36m#   ...abel ::profile_image, "Image" );@output_buffer.safe_append='[0m
      [36m#   ...                              ^[0m
      [36m#   /home/ubuntu/environment/bookers2/app/views/users/edit.html.erb:15: syntax error, unexpected local variable or method, expecting constant[0m
      [36m#   ...=( f.file_field ::profile_image, accept: "image/*" );@output...[0m
      [36m#   ...                  ^~~~~~~~~~~~~[0m
      [36m#   /home/ubuntu/environment/bookers2/app/views/users/edit.html.erb:24: syntax error, unexpected `end', expecting ')'[0m
      [36m#   '.freeze;       end [0m
      [36m#                   ^~~[0m
      [36m#   /home/ubuntu/environment/bookers2/app/views/users/edit.html.erb:29: syntax error, unexpected `end', expecting ')'[0m
      [36m#             end[0m
      [36m#             ^~~[0m
      [36m#   ./app/views/users/edit.html.erb:14: syntax error, unexpected local variable or method, expecting constant[0m

  26) [STEP3] 仕上げのテスト サクセスメッセージのテスト 投稿データの新規投稿成功時: 投稿一覧画面から行います。
      [31mFailure/Error: fill_in 'book[title]', with: Faker::Lorem.characters(number: 5)[0m
      [31m[0m
      [31mCapybara::ElementNotFound:[0m
      [31m  Unable to find field "book[title]" that is not disabled[0m
      [36m# ./spec/system/03_finishing_touches_spec.rb:53:in `block (3 levels) in <main>'[0m

  27) [STEP3] 仕上げのテスト 処理失敗時のテスト ユーザのプロフィール情報編集失敗: nameを1文字にする 更新されない
      [31mFailure/Error: <%= f.label ::profile_image, "Image" %>[0m
      [31m[0m
      [31mActionView::SyntaxErrorInTemplate:[0m
      [31m  Encountered a syntax error while rendering template: check [0m
      [31m[0m
      [31m  <div class="container">[0m
      [31m    <div class="row">[0m
      [31m      <div class="col-md-8 offset-md-2">[0m
      [31m        <h1 class="mt-3">User info</h1>[0m
      [31m        [0m
      [31m        <%= form_with model: @user, local: true do |f| %>[0m
      [31m          <div class="form-group">[0m
      [31m            <%= f.label :Name, "name" %>[0m
      [31m            <%= f.text_field :name, class: "form-control" %>[0m
      [31m          </div>[0m
      [31m          <div class="form-group">[0m
      [31m            <%= f.label ::profile_image, "Image" %>[0m
      [31m            <%= f.file_field ::profile_image, accept: "image/*" %>[0m
      [31m          </div>[0m
      [31m          <div class="form-group">[0m
      [31m            <%= f.label :Introductio, "Introduction" %>[0m
      [31m            <%= f.text_area :introduction, class: "form-control" %>[0m
      [31m          </div>[0m
      [31m          <div class="mb-3">[0m
      [31m            <%= f.submit "Update User", class: "btn btn-secondary" %>[0m
      [31m          </div>[0m
      [31m        <% end %>[0m
      [31m      </div>[0m
      [31m    </div>[0m
      [31m  </div>[0m
      [36m# ./app/views/users/edit.html.erb:14: syntax error, unexpected local variable or method, expecting constant[0m
      [36m# ...ppend=( f.label ::profile_image, "Image" );@output_buffer.sa...[0m
      [36m# ...                  ^~~~~~~~~~~~~[0m
      [36m# ./app/views/users/edit.html.erb:14: syntax error, unexpected ')', expecting '.' or &. or :: or '['[0m
      [36m# ...abel ::profile_image, "Image" );@output_buffer.safe_append='[0m
      [36m# ...                              ^[0m
      [36m# ./app/views/users/edit.html.erb:15: syntax error, unexpected local variable or method, expecting constant[0m
      [36m# ...=( f.file_field ::profile_image, accept: "image/*" );@output...[0m
      [36m# ...                  ^~~~~~~~~~~~~[0m
      [36m# ./app/views/users/edit.html.erb:24: syntax error, unexpected `end', expecting ')'[0m
      [36m# '.freeze;       end [0m
      [36m#                 ^~~[0m
      [36m# ./app/views/users/edit.html.erb:29: syntax error, unexpected `end', expecting ')'[0m
      [36m#           end[0m
      [36m#           ^~~[0m
      [36m# ./app/views/users/edit.html.erb:14: syntax error, unexpected local variable or method, expecting constant[0m
      [36m# ...ppend=( f.label ::profile_image, "Image" );@output_buffer.sa...[0m
      [36m# ...                  ^~~~~~~~~~~~~[0m
      [36m# ./app/views/users/edit.html.erb:14: syntax error, unexpected ')', expecting '.' or &. or :: or '['[0m
      [36m# ...abel ::profile_image, "Image" );@output_buffer.safe_append='[0m
      [36m# ...                              ^[0m
      [36m# ./app/views/users/edit.html.erb:15: syntax error, unexpected local variable or method, expecting constant[0m
      [36m# ...=( f.file_field ::profile_image, accept: "image/*" );@output...[0m
      [36m# ...                  ^~~~~~~~~~~~~[0m
      [36m# ./app/views/users/edit.html.erb:24: syntax error, unexpected `end', expecting ')'[0m
      [36m# '.freeze;       end [0m
      [36m#                 ^~~[0m
      [36m# ./app/views/users/edit.html.erb:29: syntax error, unexpected `end', expecting ')'[0m
      [36m#           end[0m
      [36m#           ^~~[0m
      [36m# ./spec/system/03_finishing_touches_spec.rb:104:in `block (4 levels) in <main>'[0m
      [36m# ------------------[0m
      [36m# --- Caused by: ---[0m
      [36m# SyntaxError:[0m
      [36m#   /home/ubuntu/environment/bookers2/app/views/users/edit.html.erb:14: syntax error, unexpected local variable or method, expecting constant[0m
      [36m#   ...ppend=( f.label ::profile_image, "Image" );@output_buffer.sa...[0m
      [36m#   ...                  ^~~~~~~~~~~~~[0m
      [36m#   /home/ubuntu/environment/bookers2/app/views/users/edit.html.erb:14: syntax error, unexpected ')', expecting '.' or &. or :: or '['[0m
      [36m#   ...abel ::profile_image, "Image" );@output_buffer.safe_append='[0m
      [36m#   ...                              ^[0m
      [36m#   /home/ubuntu/environment/bookers2/app/views/users/edit.html.erb:15: syntax error, unexpected local variable or method, expecting constant[0m
      [36m#   ...=( f.file_field ::profile_image, accept: "image/*" );@output...[0m
      [36m#   ...                  ^~~~~~~~~~~~~[0m
      [36m#   /home/ubuntu/environment/bookers2/app/views/users/edit.html.erb:24: syntax error, unexpected `end', expecting ')'[0m
      [36m#   '.freeze;       end [0m
      [36m#                   ^~~[0m
      [36m#   /home/ubuntu/environment/bookers2/app/views/users/edit.html.erb:29: syntax error, unexpected `end', expecting ')'[0m
      [36m#             end[0m
      [36m#             ^~~[0m
      [36m#   ./app/views/users/edit.html.erb:14: syntax error, unexpected local variable or method, expecting constant[0m

  28) [STEP3] 仕上げのテスト 処理失敗時のテスト ユーザのプロフィール情報編集失敗: nameを1文字にする ユーザ編集画面を表示しており、フォームの内容が正しい
      [31mFailure/Error: <%= f.label ::profile_image, "Image" %>[0m
      [31m[0m
      [31mActionView::SyntaxErrorInTemplate:[0m
      [31m  Encountered a syntax error while rendering template: check [0m
      [31m[0m
      [31m  <div class="container">[0m
      [31m    <div class="row">[0m
      [31m      <div class="col-md-8 offset-md-2">[0m
      [31m        <h1 class="mt-3">User info</h1>[0m
      [31m        [0m
      [31m        <%= form_with model: @user, local: true do |f| %>[0m
      [31m          <div class="form-group">[0m
      [31m            <%= f.label :Name, "name" %>[0m
      [31m            <%= f.text_field :name, class: "form-control" %>[0m
      [31m          </div>[0m
      [31m          <div class="form-group">[0m
      [31m            <%= f.label ::profile_image, "Image" %>[0m
      [31m            <%= f.file_field ::profile_image, accept: "image/*" %>[0m
      [31m          </div>[0m
      [31m          <div class="form-group">[0m
      [31m            <%= f.label :Introductio, "Introduction" %>[0m
      [31m            <%= f.text_area :introduction, class: "form-control" %>[0m
      [31m          </div>[0m
      [31m          <div class="mb-3">[0m
      [31m            <%= f.submit "Update User", class: "btn btn-secondary" %>[0m
      [31m          </div>[0m
      [31m        <% end %>[0m
      [31m      </div>[0m
      [31m    </div>[0m
      [31m  </div>[0m
      [36m# ./app/views/users/edit.html.erb:14: syntax error, unexpected local variable or method, expecting constant[0m
      [36m# ...ppend=( f.label ::profile_image, "Image" );@output_buffer.sa...[0m
      [36m# ...                  ^~~~~~~~~~~~~[0m
      [36m# ./app/views/users/edit.html.erb:14: syntax error, unexpected ')', expecting '.' or &. or :: or '['[0m
      [36m# ...abel ::profile_image, "Image" );@output_buffer.safe_append='[0m
      [36m# ...                              ^[0m
      [36m# ./app/views/users/edit.html.erb:15: syntax error, unexpected local variable or method, expecting constant[0m
      [36m# ...=( f.file_field ::profile_image, accept: "image/*" );@output...[0m
      [36m# ...                  ^~~~~~~~~~~~~[0m
      [36m# ./app/views/users/edit.html.erb:24: syntax error, unexpected `end', expecting ')'[0m
      [36m# '.freeze;       end [0m
      [36m#                 ^~~[0m
      [36m# ./app/views/users/edit.html.erb:29: syntax error, unexpected `end', expecting ')'[0m
      [36m#           end[0m
      [36m#           ^~~[0m
      [36m# ./app/views/users/edit.html.erb:14: syntax error, unexpected local variable or method, expecting constant[0m
      [36m# ...ppend=( f.label ::profile_image, "Image" );@output_buffer.sa...[0m
      [36m# ...                  ^~~~~~~~~~~~~[0m
      [36m# ./app/views/users/edit.html.erb:14: syntax error, unexpected ')', expecting '.' or &. or :: or '['[0m
      [36m# ...abel ::profile_image, "Image" );@output_buffer.safe_append='[0m
      [36m# ...                              ^[0m
      [36m# ./app/views/users/edit.html.erb:15: syntax error, unexpected local variable or method, expecting constant[0m
      [36m# ...=( f.file_field ::profile_image, accept: "image/*" );@output...[0m
      [36m# ...                  ^~~~~~~~~~~~~[0m
      [36m# ./app/views/users/edit.html.erb:24: syntax error, unexpected `end', expecting ')'[0m
      [36m# '.freeze;       end [0m
      [36m#                 ^~~[0m
      [36m# ./app/views/users/edit.html.erb:29: syntax error, unexpected `end', expecting ')'[0m
      [36m#           end[0m
      [36m#           ^~~[0m
      [36m# ./spec/system/03_finishing_touches_spec.rb:104:in `block (4 levels) in <main>'[0m
      [36m# ------------------[0m
      [36m# --- Caused by: ---[0m
      [36m# SyntaxError:[0m
      [36m#   /home/ubuntu/environment/bookers2/app/views/users/edit.html.erb:14: syntax error, unexpected local variable or method, expecting constant[0m
      [36m#   ...ppend=( f.label ::profile_image, "Image" );@output_buffer.sa...[0m
      [36m#   ...                  ^~~~~~~~~~~~~[0m
      [36m#   /home/ubuntu/environment/bookers2/app/views/users/edit.html.erb:14: syntax error, unexpected ')', expecting '.' or &. or :: or '['[0m
      [36m#   ...abel ::profile_image, "Image" );@output_buffer.safe_append='[0m
      [36m#   ...                              ^[0m
      [36m#   /home/ubuntu/environment/bookers2/app/views/users/edit.html.erb:15: syntax error, unexpected local variable or method, expecting constant[0m
      [36m#   ...=( f.file_field ::profile_image, accept: "image/*" );@output...[0m
      [36m#   ...                  ^~~~~~~~~~~~~[0m
      [36m#   /home/ubuntu/environment/bookers2/app/views/users/edit.html.erb:24: syntax error, unexpected `end', expecting ')'[0m
      [36m#   '.freeze;       end [0m
      [36m#                   ^~~[0m
      [36m#   /home/ubuntu/environment/bookers2/app/views/users/edit.html.erb:29: syntax error, unexpected `end', expecting ')'[0m
      [36m#             end[0m
      [36m#             ^~~[0m
      [36m#   ./app/views/users/edit.html.erb:14: syntax error, unexpected local variable or method, expecting constant[0m

  29) [STEP3] 仕上げのテスト 処理失敗時のテスト ユーザのプロフィール情報編集失敗: nameを1文字にする バリデーションエラーが表示される
      [31mFailure/Error: <%= f.label ::profile_image, "Image" %>[0m
      [31m[0m
      [31mActionView::SyntaxErrorInTemplate:[0m
      [31m  Encountered a syntax error while rendering template: check [0m
      [31m[0m
      [31m  <div class="container">[0m
      [31m    <div class="row">[0m
      [31m      <div class="col-md-8 offset-md-2">[0m
      [31m        <h1 class="mt-3">User info</h1>[0m
      [31m        [0m
      [31m        <%= form_with model: @user, local: true do |f| %>[0m
      [31m          <div class="form-group">[0m
      [31m            <%= f.label :Name, "name" %>[0m
      [31m            <%= f.text_field :name, class: "form-control" %>[0m
      [31m          </div>[0m
      [31m          <div class="form-group">[0m
      [31m            <%= f.label ::profile_image, "Image" %>[0m
      [31m            <%= f.file_field ::profile_image, accept: "image/*" %>[0m
      [31m          </div>[0m
      [31m          <div class="form-group">[0m
      [31m            <%= f.label :Introductio, "Introduction" %>[0m
      [31m            <%= f.text_area :introduction, class: "form-control" %>[0m
      [31m          </div>[0m
      [31m          <div class="mb-3">[0m
      [31m            <%= f.submit "Update User", class: "btn btn-secondary" %>[0m
      [31m          </div>[0m
      [31m        <% end %>[0m
      [31m      </div>[0m
      [31m    </div>[0m
      [31m  </div>[0m
      [36m# ./app/views/users/edit.html.erb:14: syntax error, unexpected local variable or method, expecting constant[0m
      [36m# ...ppend=( f.label ::profile_image, "Image" );@output_buffer.sa...[0m
      [36m# ...                  ^~~~~~~~~~~~~[0m
      [36m# ./app/views/users/edit.html.erb:14: syntax error, unexpected ')', expecting '.' or &. or :: or '['[0m
      [36m# ...abel ::profile_image, "Image" );@output_buffer.safe_append='[0m
      [36m# ...                              ^[0m
      [36m# ./app/views/users/edit.html.erb:15: syntax error, unexpected local variable or method, expecting constant[0m
      [36m# ...=( f.file_field ::profile_image, accept: "image/*" );@output...[0m
      [36m# ...                  ^~~~~~~~~~~~~[0m
      [36m# ./app/views/users/edit.html.erb:24: syntax error, unexpected `end', expecting ')'[0m
      [36m# '.freeze;       end [0m
      [36m#                 ^~~[0m
      [36m# ./app/views/users/edit.html.erb:29: syntax error, unexpected `end', expecting ')'[0m
      [36m#           end[0m
      [36m#           ^~~[0m
      [36m# ./app/views/users/edit.html.erb:14: syntax error, unexpected local variable or method, expecting constant[0m
      [36m# ...ppend=( f.label ::profile_image, "Image" );@output_buffer.sa...[0m
      [36m# ...                  ^~~~~~~~~~~~~[0m
      [36m# ./app/views/users/edit.html.erb:14: syntax error, unexpected ')', expecting '.' or &. or :: or '['[0m
      [36m# ...abel ::profile_image, "Image" );@output_buffer.safe_append='[0m
      [36m# ...                              ^[0m
      [36m# ./app/views/users/edit.html.erb:15: syntax error, unexpected local variable or method, expecting constant[0m
      [36m# ...=( f.file_field ::profile_image, accept: "image/*" );@output...[0m
      [36m# ...                  ^~~~~~~~~~~~~[0m
      [36m# ./app/views/users/edit.html.erb:24: syntax error, unexpected `end', expecting ')'[0m
      [36m# '.freeze;       end [0m
      [36m#                 ^~~[0m
      [36m# ./app/views/users/edit.html.erb:29: syntax error, unexpected `end', expecting ')'[0m
      [36m#           end[0m
      [36m#           ^~~[0m
      [36m# ./spec/system/03_finishing_touches_spec.rb:104:in `block (4 levels) in <main>'[0m
      [36m# ------------------[0m
      [36m# --- Caused by: ---[0m
      [36m# SyntaxError:[0m
      [36m#   /home/ubuntu/environment/bookers2/app/views/users/edit.html.erb:14: syntax error, unexpected local variable or method, expecting constant[0m
      [36m#   ...ppend=( f.label ::profile_image, "Image" );@output_buffer.sa...[0m
      [36m#   ...                  ^~~~~~~~~~~~~[0m
      [36m#   /home/ubuntu/environment/bookers2/app/views/users/edit.html.erb:14: syntax error, unexpected ')', expecting '.' or &. or :: or '['[0m
      [36m#   ...abel ::profile_image, "Image" );@output_buffer.safe_append='[0m
      [36m#   ...                              ^[0m
      [36m#   /home/ubuntu/environment/bookers2/app/views/users/edit.html.erb:15: syntax error, unexpected local variable or method, expecting constant[0m
      [36m#   ...=( f.file_field ::profile_image, accept: "image/*" );@output...[0m
      [36m#   ...                  ^~~~~~~~~~~~~[0m
      [36m#   /home/ubuntu/environment/bookers2/app/views/users/edit.html.erb:24: syntax error, unexpected `end', expecting ')'[0m
      [36m#   '.freeze;       end [0m
      [36m#                   ^~~[0m
      [36m#   /home/ubuntu/environment/bookers2/app/views/users/edit.html.erb:29: syntax error, unexpected `end', expecting ')'[0m
      [36m#             end[0m
      [36m#             ^~~[0m
      [36m#   ./app/views/users/edit.html.erb:14: syntax error, unexpected local variable or method, expecting constant[0m

  30) [STEP3] 仕上げのテスト 処理失敗時のテスト 投稿データの新規投稿失敗: 投稿一覧画面から行い、titleを空にする 投稿が保存されない
      [31mFailure/Error: fill_in 'book[body]', with: @body[0m
      [31m[0m
      [31mCapybara::ElementNotFound:[0m
      [31m  Unable to find field "book[body]" that is not disabled[0m
      [36m# ./spec/system/03_finishing_touches_spec.rb:128:in `block (4 levels) in <main>'[0m

  31) [STEP3] 仕上げのテスト 処理失敗時のテスト 投稿データの新規投稿失敗: 投稿一覧画面から行い、titleを空にする 投稿一覧画面を表示している
      [31mFailure/Error: fill_in 'book[body]', with: @body[0m
      [31m[0m
      [31mCapybara::ElementNotFound:[0m
      [31m  Unable to find field "book[body]" that is not disabled[0m
      [36m# ./spec/system/03_finishing_touches_spec.rb:128:in `block (4 levels) in <main>'[0m

  32) [STEP3] 仕上げのテスト 処理失敗時のテスト 投稿データの新規投稿失敗: 投稿一覧画面から行い、titleを空にする 新規投稿フォームの内容が正しい
      [31mFailure/Error: fill_in 'book[body]', with: @body[0m
      [31m[0m
      [31mCapybara::ElementNotFound:[0m
      [31m  Unable to find field "book[body]" that is not disabled[0m
      [36m# ./spec/system/03_finishing_touches_spec.rb:128:in `block (4 levels) in <main>'[0m

  33) [STEP3] 仕上げのテスト 処理失敗時のテスト 投稿データの新規投稿失敗: 投稿一覧画面から行い、titleを空にする バリデーションエラーが表示される
      [31mFailure/Error: fill_in 'book[body]', with: @body[0m
      [31m[0m
      [31mCapybara::ElementNotFound:[0m
      [31m  Unable to find field "book[body]" that is not disabled[0m
      [36m# ./spec/system/03_finishing_touches_spec.rb:128:in `block (4 levels) in <main>'[0m

  34) [STEP3] 仕上げのテスト アイコンのテスト ヘッダー: ログインしていない場合 Homeリンクのアイコンが表示される
      [31mFailure/Error: is_expected.to have_selector '.fa-solid.fa-house, .fa-solid.fa-home, .fas.fa-home'[0m
      [31m  expected to find css ".fa-solid.fa-house, .fa-solid.fa-home, .fas.fa-home" but there were no matches[0m
      [36m# ./spec/system/03_finishing_touches_spec.rb:388:in `block (4 levels) in <main>'[0m

  35) [STEP3] 仕上げのテスト アイコンのテスト ヘッダー: ログインしている場合 Homeリンクのアイコンが表示される
      [31mFailure/Error: is_expected.to have_selector '.fa-solid.fa-house, .fa-solid.fa-home, .fas.fa-home'[0m
      [31m  expected to find css ".fa-solid.fa-house, .fa-solid.fa-home, .fas.fa-home" but there were no matches[0m
      [36m# ./spec/system/03_finishing_touches_spec.rb:412:in `block (4 levels) in <main>'[0m

Finished in 25.37 seconds (files took 4 seconds to load)
[31m201 examples, 35 failures[0m

Failed examples:

[31mrspec ./spec/controllers/users_controller_spec.rb:14[0m [36m# UsersController GET #edit ログインユーザーの場合 レスポンスが成功すること[0m
[31mrspec ./spec/controllers/users_controller_spec.rb:18[0m [36m# UsersController GET #edit ログインユーザーの場合 @userが正しく設定されていること[0m
[31mrspec ./spec/system/02_after_login_spec.rb:75[0m [36m# [STEP2] ユーザログイン後のテスト 投稿一覧画面のテスト サイドバーの確認 titleフォームが表示される[0m
[31mrspec ./spec/system/02_after_login_spec.rb:78[0m [36m# [STEP2] ユーザログイン後のテスト 投稿一覧画面のテスト サイドバーの確認 titleフォームに値が入っていない[0m
[31mrspec ./spec/system/02_after_login_spec.rb:81[0m [36m# [STEP2] ユーザログイン後のテスト 投稿一覧画面のテスト サイドバーの確認 bodyフォームが表示される[0m
[31mrspec ./spec/system/02_after_login_spec.rb:84[0m [36m# [STEP2] ユーザログイン後のテスト 投稿一覧画面のテスト サイドバーの確認 bodyフォームに値が入っていない[0m
[31mrspec ./spec/system/02_after_login_spec.rb:98[0m [36m# [STEP2] ユーザログイン後のテスト 投稿一覧画面のテスト 投稿成功のテスト 自分の新しい投稿が正しく保存される[0m
[31mrspec ./spec/system/02_after_login_spec.rb:101[0m [36m# [STEP2] ユーザログイン後のテスト 投稿一覧画面のテスト 投稿成功のテスト リダイレクト先が、保存できた投稿の詳細画面になっている[0m
[31mrspec ./spec/system/02_after_login_spec.rb:296[0m [36m# [STEP2] ユーザログイン後のテスト ユーザ一覧画面のテスト サイドバーの確認 titleフォームが表示される[0m
[31mrspec ./spec/system/02_after_login_spec.rb:299[0m [36m# [STEP2] ユーザログイン後のテスト ユーザ一覧画面のテスト サイドバーの確認 titleフォームに値が入っていない[0m
[31mrspec ./spec/system/02_after_login_spec.rb:302[0m [36m# [STEP2] ユーザログイン後のテスト ユーザ一覧画面のテスト サイドバーの確認 bodyフォームが表示される[0m
[31mrspec ./spec/system/02_after_login_spec.rb:305[0m [36m# [STEP2] ユーザログイン後のテスト ユーザ一覧画面のテスト サイドバーの確認 bodyフォームに値が入っていない[0m
[31mrspec ./spec/system/02_after_login_spec.rb:350[0m [36m# [STEP2] ユーザログイン後のテスト 自分のユーザ詳細画面のテスト サイドバーの確認 titleフォームが表示される[0m
[31mrspec ./spec/system/02_after_login_spec.rb:353[0m [36m# [STEP2] ユーザログイン後のテスト 自分のユーザ詳細画面のテスト サイドバーの確認 titleフォームに値が入っていない[0m
[31mrspec ./spec/system/02_after_login_spec.rb:356[0m [36m# [STEP2] ユーザログイン後のテスト 自分のユーザ詳細画面のテスト サイドバーの確認 bodyフォームが表示される[0m
[31mrspec ./spec/system/02_after_login_spec.rb:359[0m [36m# [STEP2] ユーザログイン後のテスト 自分のユーザ詳細画面のテスト サイドバーの確認 bodyフォームに値が入っていない[0m
[31mrspec ./spec/system/02_after_login_spec.rb:374[0m [36m# [STEP2] ユーザログイン後のテスト 自分のユーザ情報編集画面のテスト 表示の確認 URLが正しい[0m
[31mrspec ./spec/system/02_after_login_spec.rb:377[0m [36m# [STEP2] ユーザログイン後のテスト 自分のユーザ情報編集画面のテスト 表示の確認 名前編集フォームに自分の名前が表示される[0m
[31mrspec ./spec/system/02_after_login_spec.rb:380[0m [36m# [STEP2] ユーザログイン後のテスト 自分のユーザ情報編集画面のテスト 表示の確認 画像編集フォームが表示される[0m
[31mrspec ./spec/system/02_after_login_spec.rb:383[0m [36m# [STEP2] ユーザログイン後のテスト 自分のユーザ情報編集画面のテスト 表示の確認 自己紹介編集フォームに自分の自己紹介文が表示される[0m
[31mrspec ./spec/system/02_after_login_spec.rb:386[0m [36m# [STEP2] ユーザログイン後のテスト 自分のユーザ情報編集画面のテスト 表示の確認 Update Userボタンが表示される[0m
[31mrspec ./spec/system/02_after_login_spec.rb:402[0m [36m# [STEP2] ユーザログイン後のテスト 自分のユーザ情報編集画面のテスト 更新成功のテスト nameが正しく更新される[0m
[31mrspec ./spec/system/02_after_login_spec.rb:405[0m [36m# [STEP2] ユーザログイン後のテスト 自分のユーザ情報編集画面のテスト 更新成功のテスト introductionが正しく更新される[0m
[31mrspec ./spec/system/02_after_login_spec.rb:408[0m [36m# [STEP2] ユーザログイン後のテスト 自分のユーザ情報編集画面のテスト 更新成功のテスト リダイレクト先が、自分のユーザ詳細画面になっている[0m
[31mrspec ./spec/system/03_finishing_touches_spec.rb:38[0m [36m# [STEP3] 仕上げのテスト サクセスメッセージのテスト ユーザのプロフィール情報更新成功時[0m
[31mrspec ./spec/system/03_finishing_touches_spec.rb:47[0m [36m# [STEP3] 仕上げのテスト サクセスメッセージのテスト 投稿データの新規投稿成功時: 投稿一覧画面から行います。[0m
[31mrspec ./spec/system/03_finishing_touches_spec.rb:109[0m [36m# [STEP3] 仕上げのテスト 処理失敗時のテスト ユーザのプロフィール情報編集失敗: nameを1文字にする 更新されない[0m
[31mrspec ./spec/system/03_finishing_touches_spec.rb:112[0m [36m# [STEP3] 仕上げのテスト 処理失敗時のテスト ユーザのプロフィール情報編集失敗: nameを1文字にする ユーザ編集画面を表示しており、フォームの内容が正しい[0m
[31mrspec ./spec/system/03_finishing_touches_spec.rb:115[0m [36m# [STEP3] 仕上げのテスト 処理失敗時のテスト ユーザのプロフィール情報編集失敗: nameを1文字にする バリデーションエラーが表示される[0m
[31mrspec ./spec/system/03_finishing_touches_spec.rb:131[0m [36m# [STEP3] 仕上げのテスト 処理失敗時のテスト 投稿データの新規投稿失敗: 投稿一覧画面から行い、titleを空にする 投稿が保存されない[0m
[31mrspec ./spec/system/03_finishing_touches_spec.rb:134[0m [36m# [STEP3] 仕上げのテスト 処理失敗時のテスト 投稿データの新規投稿失敗: 投稿一覧画面から行い、titleを空にする 投稿一覧画面を表示している[0m
[31mrspec ./spec/system/03_finishing_touches_spec.rb:140[0m [36m# [STEP3] 仕上げのテスト 処理失敗時のテスト 投稿データの新規投稿失敗: 投稿一覧画面から行い、titleを空にする 新規投稿フォームの内容が正しい[0m
[31mrspec ./spec/system/03_finishing_touches_spec.rb:144[0m [36m# [STEP3] 仕上げのテスト 処理失敗時のテスト 投稿データの新規投稿失敗: 投稿一覧画面から行い、titleを空にする バリデーションエラーが表示される[0m
[31mrspec ./spec/system/03_finishing_touches_spec.rb:387[0m [36m# [STEP3] 仕上げのテスト アイコンのテスト ヘッダー: ログインしていない場合 Homeリンクのアイコンが表示される[0m
[31mrspec ./spec/system/03_finishing_touches_spec.rb:411[0m [36m# [STEP3] 仕上げのテスト アイコンのテスト ヘッダー: ログインしている場合 Homeリンクのアイコンが表示される[0m

